Archive member included because of file (symbol)

c:/users/eko henfri/dropbox/er2c.share/er2c robot education/program/adroit/adroit projects/tools/avr8-gnu-toolchain/bin/../lib/gcc/avr/4.8.1/avr51\libgcc.a(_udivmodqi4.o)
                              obj\Release\09. Motor Servo\main.o (__udivmodqi4)
c:/users/eko henfri/dropbox/er2c.share/er2c robot education/program/adroit/adroit projects/tools/avr8-gnu-toolchain/bin/../lib/gcc/avr/4.8.1/avr51\libgcc.a(_udivmodhi4.o)
                              obj\Release\09. Motor Servo\main.o (__udivmodhi4)
c:/users/eko henfri/dropbox/er2c.share/er2c robot education/program/adroit/adroit projects/tools/avr8-gnu-toolchain/bin/../lib/gcc/avr/4.8.1/avr51\libgcc.a(_divmodhi4.o)
                              obj\Release\09. Motor Servo\main.o (__divmodhi4)
c:/users/eko henfri/dropbox/er2c.share/er2c robot education/program/adroit/adroit projects/tools/avr8-gnu-toolchain/bin/../lib/gcc/avr/4.8.1/avr51\libgcc.a(_udivmodsi4.o)
                              obj\Release\09. Motor Servo\main.o (__udivmodsi4)
c:/users/eko henfri/dropbox/er2c.share/er2c robot education/program/adroit/adroit projects/tools/avr8-gnu-toolchain/bin/../lib/gcc/avr/4.8.1/avr51\libgcc.a(_exit.o)
                              c:/users/eko henfri/dropbox/er2c.share/er2c robot education/program/adroit/adroit projects/tools/avr8-gnu-toolchain/bin/../lib/gcc/avr/4.8.1/../../../../avr/lib/avr51/crtm128.o (exit)
c:/users/eko henfri/dropbox/er2c.share/er2c robot education/program/adroit/adroit projects/tools/avr8-gnu-toolchain/bin/../lib/gcc/avr/4.8.1/avr51\libgcc.a(_copy_data.o)
                              obj\Release\09. Motor Servo\main.o (__do_copy_data)
c:/users/eko henfri/dropbox/er2c.share/er2c robot education/program/adroit/adroit projects/tools/avr8-gnu-toolchain/bin/../lib/gcc/avr/4.8.1/avr51\libgcc.a(_clear_bss.o)
                              obj\Release\09. Motor Servo\main.o (__do_clear_bss)
c:/users/eko henfri/dropbox/er2c.share/er2c robot education/program/adroit/adroit projects/tools/avr8-gnu-toolchain/bin/../lib/gcc/avr/4.8.1/avr51\libgcc.a(_ctors.o)
                              obj\Release\09. Motor Servo\main.o (__do_global_ctors)
c:/users/eko henfri/dropbox/er2c.share/er2c robot education/program/adroit/adroit projects/tools/avr8-gnu-toolchain/bin/../lib/gcc/avr/4.8.1/avr51\libgcc.a(_tablejump_elpm.o)
                              c:/users/eko henfri/dropbox/er2c.share/er2c robot education/program/adroit/adroit projects/tools/avr8-gnu-toolchain/bin/../lib/gcc/avr/4.8.1/avr51\libgcc.a(_ctors.o) (__tablejump_elpm__)
c:/users/eko henfri/dropbox/er2c.share/er2c robot education/program/adroit/adroit projects/tools/avr8-gnu-toolchain/bin/../lib/gcc/avr/4.8.1/../../../../avr/lib/avr51\libm.a(addsf3.o)
                              obj\Release\09. Motor Servo\main.o (__subsf3)
c:/users/eko henfri/dropbox/er2c.share/er2c robot education/program/adroit/adroit projects/tools/avr8-gnu-toolchain/bin/../lib/gcc/avr/4.8.1/../../../../avr/lib/avr51\libm.a(addsf3x.o)
                              c:/users/eko henfri/dropbox/er2c.share/er2c robot education/program/adroit/adroit projects/tools/avr8-gnu-toolchain/bin/../lib/gcc/avr/4.8.1/../../../../avr/lib/avr51\libm.a(addsf3.o) (__addsf3x)
c:/users/eko henfri/dropbox/er2c.share/er2c robot education/program/adroit/adroit projects/tools/avr8-gnu-toolchain/bin/../lib/gcc/avr/4.8.1/../../../../avr/lib/avr51\libm.a(cmpsf2.o)
                              obj\Release\09. Motor Servo\main.o (__ltsf2)
c:/users/eko henfri/dropbox/er2c.share/er2c robot education/program/adroit/adroit projects/tools/avr8-gnu-toolchain/bin/../lib/gcc/avr/4.8.1/../../../../avr/lib/avr51\libm.a(fixsfsi.o)
                              obj\Release\09. Motor Servo\main.o (__fixsfsi)
c:/users/eko henfri/dropbox/er2c.share/er2c robot education/program/adroit/adroit projects/tools/avr8-gnu-toolchain/bin/../lib/gcc/avr/4.8.1/../../../../avr/lib/avr51\libm.a(fixunssfsi.o)
                              obj\Release\09. Motor Servo\main.o (__fixunssfsi)
c:/users/eko henfri/dropbox/er2c.share/er2c robot education/program/adroit/adroit projects/tools/avr8-gnu-toolchain/bin/../lib/gcc/avr/4.8.1/../../../../avr/lib/avr51\libm.a(floatsisf.o)
                              obj\Release\09. Motor Servo\main.o (__floatsisf)
c:/users/eko henfri/dropbox/er2c.share/er2c robot education/program/adroit/adroit projects/tools/avr8-gnu-toolchain/bin/../lib/gcc/avr/4.8.1/../../../../avr/lib/avr51\libm.a(fp_cmp.o)
                              c:/users/eko henfri/dropbox/er2c.share/er2c robot education/program/adroit/adroit projects/tools/avr8-gnu-toolchain/bin/../lib/gcc/avr/4.8.1/../../../../avr/lib/avr51\libm.a(cmpsf2.o) (__fp_cmp)
c:/users/eko henfri/dropbox/er2c.share/er2c robot education/program/adroit/adroit projects/tools/avr8-gnu-toolchain/bin/../lib/gcc/avr/4.8.1/../../../../avr/lib/avr51\libm.a(fp_inf.o)
[...]
Memory Configuration

Name             Origin             Length             Attributes
text             0x00000000         0x00020000         xr
data             0x00800100         0x0000ff00         rw !x
eeprom           0x00810000         0x00010000         rw !x
fuse             0x00820000         0x00000400         rw !x
lock             0x00830000         0x00000400         rw !x
signature        0x00840000         0x00000400         rw !x
user_signatures  0x00850000         0x00000400         rw !x
*default*        0x00000000         0xffffffff

Linker script and memory map

Address of section .data set to 0x800100
LOAD c:/users/eko henfri/dropbox/er2c.share/er2c robot education/program/adroit/adroit projects/tools/avr8-gnu-toolchain/bin/../lib/gcc/avr/4.8.1/../../../../avr/lib/avr51/crtm128.o
LOAD obj\Release\09. Motor Servo\main.o
LOAD c:/users/eko henfri/dropbox/er2c.share/er2c robot education/program/adroit/adroit projects/tools/avr8-gnu-toolchain/bin/../lib/gcc/avr/4.8.1/avr51\libgcc.a
LOAD c:/users/eko henfri/dropbox/er2c.share/er2c robot education/program/adroit/adroit projects/tools/avr8-gnu-toolchain/bin/../lib/gcc/avr/4.8.1/../../../../avr/lib/avr51\libm.a
START GROUP
LOAD c:/users/eko henfri/dropbox/er2c.share/er2c robot education/program/adroit/adroit projects/tools/avr8-gnu-toolchain/bin/../lib/gcc/avr/4.8.1/avr51\libgcc.a
LOAD c:/users/eko henfri/dropbox/er2c.share/er2c robot education/program/adroit/adroit projects/tools/avr8-gnu-toolchain/bin/../lib/gcc/avr/4.8.1/../../../../avr/lib/avr51\libm.a
LOAD c:/users/eko henfri/dropbox/er2c.share/er2c robot education/program/adroit/adroit projects/tools/avr8-gnu-toolchain/bin/../lib/gcc/avr/4.8.1/../../../../avr/lib/avr51\libc.a
END GROUP

.hash
 *(.hash)

.dynsym
 *(.dynsym)

.dynstr
 *(.dynstr)

.gnu.version
 *(.gnu.version)

.gnu.version_d
 *(.gnu.version_d)

.gnu.version_r
 *(.gnu.version_r)

.rel.init
 *(.rel.init)

.rela.init
 *(.rela.init)

.rel.text
 *(.rel.text)
 *(.rel.text.*)
 *(.rel.gnu.linkonce.t*)

.rela.text
 *(.rela.text)
 *(.rela.text.*)
 *(.rela.gnu.linkonce.t*)

.rel.fini
 *(.rel.fini)

.rela.fini
 *(.rela.fini)

.rel.rodata
 *(.rel.rodata)
 *(.rel.rodata.*)
 *(.rel.gnu.linkonce.r*)

.rela.rodata
 *(.rela.rodata)
 *(.rela.rodata.*)
 *(.rela.gnu.linkonce.r*)

.rel.data
 *(.rel.data)
 *(.rel.data.*)
 *(.rel.gnu.linkonce.d*)

.rela.data
 *(.rela.data)
 *(.rela.data.*)
 *(.rela.gnu.linkonce.d*)

.rel.ctors
 *(.rel.ctors)

.rela.ctors
 *(.rela.ctors)

.rel.dtors
 *(.rel.dtors)

.rela.dtors
 *(.rela.dtors)

.rel.got
 *(.rel.got)

.rela.got
 *(.rela.got)

.rel.bss
 *(.rel.bss)

.rela.bss
 *(.rela.bss)

.rel.plt
 *(.rel.plt)

.rela.plt
 *(.rela.plt)

.text           0x00000000      0xc6a
 *(.vectors)
 .vectors       0x00000000       0x8c c:/users/eko henfri/dropbox/er2c.share/er2c robot education/program/adroit/adroit projects/tools/avr8-gnu-toolchain/bin/../lib/gcc/avr/4.8.1/../../../../avr/lib/avr51/crtm128.o
                0x00000000                __vector_default
                0x00000000                __vectors
 *(.vectors)
 *(.progmem.gcc*)
                0x0000008c                . = ALIGN (0x2)
                0x0000008c                __trampolines_start = .
 *(.trampolines)
 .trampolines   0x0000008c        0x0 linker stubs
 *(.trampolines*)
                0x0000008c                __trampolines_end = .
 *(.progmem*)
                0x0000008c                . = ALIGN (0x2)
 *(.jumptables)
 *(.jumptables*)
 *(.lowtext)
 *(.lowtext*)
                0x0000008c                __ctors_start = .
 *(.ctors)
 .ctors         0x0000008c        0x2 obj\Release\09. Motor Servo\main.o
                0x0000008e                __ctors_end = .
                0x0000008e                __dtors_start = .
 *(.dtors)
                0x0000008e                __dtors_end = .
 SORT(*)(.ctors)
 SORT(*)(.dtors)
 *(.init0)
 .init0         0x0000008e        0x0 c:/users/eko henfri/dropbox/er2c.share/er2c robot education/program/adroit/adroit projects/tools/avr8-gnu-toolchain/bin/../lib/gcc/avr/4.8.1/../../../../avr/lib/avr51/crtm128.o
                0x0000008e                __init
 *(.init0)
 *(.init1)
 *(.init1)
 *(.init2)
 .init2         0x0000008e        0xc c:/users/eko henfri/dropbox/er2c.share/er2c robot education/program/adroit/adroit projects/tools/avr8-gnu-toolchain/bin/../lib/gcc/avr/4.8.1/../../../../avr/lib/avr51/crtm128.o
 *(.init2)
 *(.init3)
 *(.init3)
 *(.init4)
 .init4         0x0000009a       0x1a c:/users/eko henfri/dropbox/er2c.share/er2c robot education/program/adroit/adroit projects/tools/avr8-gnu-toolchain/bin/../lib/gcc/avr/4.8.1/avr51\libgcc.a(_copy_data.o)
                0x0000009a                __do_copy_data
 .init4         0x000000b4       0x10 c:/users/eko henfri/dropbox/er2c.share/er2c robot education/program/adroit/adroit projects/tools/avr8-gnu-toolchain/bin/../lib/gcc/avr/4.8.1/avr51\libgcc.a(_clear_bss.o)
                0x000000b4                __do_clear_bss
 *(.init4)
 *(.init5)
 *(.init5)
 *(.init6)
 .init6         0x000000c4       0x20 c:/users/eko henfri/dropbox/er2c.share/er2c robot education/program/adroit/adroit projects/tools/avr8-gnu-toolchain/bin/../lib/gcc/avr/4.8.1/avr51\libgcc.a(_ctors.o)
                0x000000c4                __do_global_ctors
 *(.init6)
 *(.init7)
 *(.init7)
 *(.init8)
 *(.init8)
 *(.init9)
 .init9         0x000000e4        0x8 c:/users/eko henfri/dropbox/er2c.share/er2c robot education/program/adroit/adroit projects/tools/avr8-gnu-toolchain/bin/../lib/gcc/avr/4.8.1/../../../../avr/lib/avr51/crtm128.o
 *(.init9)
 *(.text)
 .text          0x000000ec        0x4 c:/users/eko henfri/dropbox/er2c.share/er2c robot education/program/adroit/adroit projects/tools/avr8-gnu-toolchain/bin/../lib/gcc/avr/4.8.1/../../../../avr/lib/avr51/crtm128.o
                0x000000ec                __vector_22
                0x000000ec                __vector_1
                0x000000ec                __vector_32
                0x000000ec                __vector_34
                0x000000ec                __vector_24
                0x000000ec                __vector_12
                0x000000ec                __bad_interrupt
                0x000000ec                __vector_6
                0x000000ec                __vector_31
                0x000000ec                __vector_3
                0x000000ec                __vector_23
                0x000000ec                __vector_25
                0x000000ec                __vector_13
                0x000000ec                __vector_17
                0x000000ec                __vector_19
                0x000000ec                __vector_27
                0x000000ec                __vector_5
                0x000000ec                __vector_33
                0x000000ec                __vector_4
                0x000000ec                __vector_2
                0x000000ec                __vector_21
                0x000000ec                __vector_15
                0x000000ec                __vector_29
                0x000000ec                __vector_26
                0x000000ec                __vector_10
                0x000000ec                __vector_16
                0x000000ec                __vector_18
                0x000000ec                __vector_20
                0x000000f0                . = ALIGN (0x2)
 *(.text.*)
 .text._ZN5myLCD9BackLightEh.part.9
                0x000000f0        0x8 obj\Release\09. Motor Servo\main.o
 .text._Z8delay_msj
                0x000000f8       0x14 obj\Release\09. Motor Servo\main.o
                0x000000f8                _Z8delay_msj
 .text._ZN7myServoC2Ev
                0x0000010c       0x2c obj\Release\09. Motor Servo\main.o
                0x0000010c                _ZN7myServoC1Ev
                0x0000010c                _ZN7myServoC2Ev
 .text._ZN7myMotorC2Ev
                0x00000138       0x1c obj\Release\09. Motor Servo\main.o
                0x00000138                _ZN7myMotorC1Ev
                0x00000138                _ZN7myMotorC2Ev
 .text._ZN7myMotor8SpeedPWMEii
                0x00000154       0x42 obj\Release\09. Motor Servo\main.o
                0x00000154                _ZN7myMotor8SpeedPWMEii
 .text._ZN8myBuzzer3OffEv
                0x00000196        0x8 obj\Release\09. Motor Servo\main.o
                0x00000196                _ZN8myBuzzer3OffEv
 .text._ZN8myBuzzer12SetFrekwensiEj
                0x0000019e       0x80 obj\Release\09. Motor Servo\main.o
                0x0000019e                _ZN8myBuzzer12SetFrekwensiEj
 .text._ZN8myBuzzer4BeepEjj
                0x0000021e       0x24 obj\Release\09. Motor Servo\main.o
                0x0000021e                _ZN8myBuzzer4BeepEjj
 .text._ZN8myBuzzer5Nada1Ev
                0x00000242       0x6a obj\Release\09. Motor Servo\main.o
                0x00000242                _ZN8myBuzzer5Nada1Ev
 .text._ZN5myLCD7InitCmdEh
                0x000002ac       0x12 obj\Release\09. Motor Servo\main.o
                0x000002ac                _ZN5myLCD7InitCmdEh
 .text._ZN5myLCD8PerintahEh
                0x000002be       0x56 obj\Release\09. Motor Servo\main.o
                0x000002be                _ZN5myLCD8PerintahEh
 .text._ZN5myLCD4DataEh
                0x00000314       0x52 obj\Release\09. Motor Servo\main.o
                0x00000314                _ZN5myLCD4DataEh
 .text._ZN5myLCD4InitEv
                0x00000366       0x96 obj\Release\09. Motor Servo\main.o
                0x00000366                _ZN5myLCD4InitEv
 .text._ZN5myLCD6GotoXYEhh
                0x000003fc        0xe obj\Release\09. Motor Servo\main.o
                0x000003fc                _ZN5myLCD6GotoXYEhh
 .text._ZN5myLCD4TextEPKc
                0x0000040a       0x24 obj\Release\09. Motor Servo\main.o
                0x0000040a                _ZN5myLCD4TextEPKc
 .text._ZN5myLCD5TulisEhPKc
                0x0000042e       0x24 obj\Release\09. Motor Servo\main.o
                0x0000042e                _ZN5myLCD5TulisEhPKc
 .text._ZN5myLCD5HapusEv
                0x00000452       0x14 obj\Release\09. Motor Servo\main.o
                0x00000452                _ZN5myLCD5HapusEv
 .text._ZN5myLCD9TulisKiriEhPKc
                0x00000466       0x62 obj\Release\09. Motor Servo\main.o
                0x00000466                _ZN5myLCD9TulisKiriEhPKc
 .text._ZN5myLCD10TulisKananEhPKc
                0x000004c8       0x72 obj\Release\09. Motor Servo\main.o
                0x000004c8                _ZN5myLCD10TulisKananEhPKc
 .text._ZN5myLCD9BackLightEh
                0x0000053a        0xe obj\Release\09. Motor Servo\main.o
                0x0000053a                _ZN5myLCD9BackLightEh
 .text._ZN5myADC4BacaEh
                0x00000548       0x20 obj\Release\09. Motor Servo\main.o
                0x00000548                _ZN5myADC4BacaEh
 .text._ZN5myADC10BacaBatereEv
                0x00000568       0x1e obj\Release\09. Motor Servo\main.o
                0x00000568                _ZN5myADC10BacaBatereEv
 .text._ZN5myADC9CekBatereEv
                0x00000586       0xae obj\Release\09. Motor Servo\main.o
                0x00000586                _ZN5myADC9CekBatereEv
 .text.__vector_30
                0x00000634       0x84 obj\Release\09. Motor Servo\main.o
                0x00000634                __vector_30
 .text._ZN11myScanGarisC2Ev
                0x000006b8       0x1e obj\Release\09. Motor Servo\main.o
                0x000006b8                _ZN11myScanGarisC2Ev
                0x000006b8                _ZN11myScanGarisC1Ev
 .text.__vector_7
                0x000006d6       0x4e obj\Release\09. Motor Servo\main.o
                0x000006d6                __vector_7
 .text.__vector_8
                0x00000724       0x4e obj\Release\09. Motor Servo\main.o
                0x00000724                __vector_8
 .text.__vector_28
                0x00000772       0x94 obj\Release\09. Motor Servo\main.o
                0x00000772                __vector_28
 .text.__vector_11
                0x00000806       0x36 obj\Release\09. Motor Servo\main.o
                0x00000806                __vector_11
 .text.__vector_14
                0x0000083c       0x16 obj\Release\09. Motor Servo\main.o
                0x0000083c                __vector_14
 .text.__vector_9
                0x00000852       0x66 obj\Release\09. Motor Servo\main.o
                0x00000852                __vector_9
 .text._Z10SystemInitv
                0x000008b8      0x194 obj\Release\09. Motor Servo\main.o
                0x000008b8                _Z10SystemInitv
 .text.startup.main
                0x00000a4c      0x15e obj\Release\09. Motor Servo\main.o
                0x00000a4c                main
 .text.startup._GLOBAL__sub_I__Z8delay_msj
                0x00000baa       0x20 obj\Release\09. Motor Servo\main.o
 .text.libgcc.div
                0x00000bca       0x28 c:/users/eko henfri/dropbox/er2c.share/er2c robot education/program/adroit/adroit projects/tools/avr8-gnu-toolchain/bin/../lib/gcc/avr/4.8.1/avr51\libgcc.a(_udivmodhi4.o)
                0x00000bca                __udivmodhi4
 .text.libgcc.div
                0x00000bf2       0x28 c:/users/eko henfri/dropbox/er2c.share/er2c robot education/program/adroit/adroit projects/tools/avr8-gnu-toolchain/bin/../lib/gcc/avr/4.8.1/avr51\libgcc.a(_divmodhi4.o)
                0x00000bf2                _div
                0x00000bf2                __divmodhi4
 .text.libgcc.div
                0x00000c1a       0x44 c:/users/eko henfri/dropbox/er2c.share/er2c robot education/program/adroit/adroit projects/tools/avr8-gnu-toolchain/bin/../lib/gcc/avr/4.8.1/avr51\libgcc.a(_udivmodsi4.o)
                0x00000c1a                __udivmodsi4
 .text.libgcc   0x00000c5e        0x8 c:/users/eko henfri/dropbox/er2c.share/er2c robot education/program/adroit/adroit projects/tools/avr8-gnu-toolchain/bin/../lib/gcc/avr/4.8.1/avr51\libgcc.a(_tablejump_elpm.o)
                0x00000c5e                __tablejump_elpm__
                0x00000c66                . = ALIGN (0x2)
 *(.fini9)
 .fini9         0x00000c66        0x0 c:/users/eko henfri/dropbox/er2c.share/er2c robot education/program/adroit/adroit projects/tools/avr8-gnu-toolchain/bin/../lib/gcc/avr/4.8.1/avr51\libgcc.a(_exit.o)
                0x00000c66                _exit
                0x00000c66                exit
 *(.fini9)
 *(.fini8)
 *(.fini8)
 *(.fini7)
 *(.fini7)
 *(.fini6)
 *(.fini6)
 *(.fini5)
 *(.fini5)
 *(.fini4)
 *(.fini4)
 *(.fini3)
 *(.fini3)
 *(.fini2)
 *(.fini2)
 *(.fini1)
 *(.fini1)
 *(.fini0)
 .fini0         0x00000c66        0x4 c:/users/eko henfri/dropbox/er2c.share/er2c robot education/program/adroit/adroit projects/tools/avr8-gnu-toolchain/bin/../lib/gcc/avr/4.8.1/avr51\libgcc.a(_exit.o)
 *(.fini0)
                0x00000c6a                _etext = .

.data           0x00800100      0x1b2 load address 0x00000c6a
                0x00800100                PROVIDE (__data_start, .)
 *(.data)
 .data          0x00800100        0x2 obj\Release\09. Motor Servo\main.o
 *(.data*)
 *(.rodata)
 *(.rodata*)
 .rodata.str1.1
                0x00800102      0x1b0 obj\Release\09. Motor Servo\main.o
 *(.gnu.linkonce.d*)
                0x008002b2                . = ALIGN (0x2)
                0x008002b2                _edata = .
                0x008002b2                PROVIDE (__data_end, .)

.bss            0x008002b2       0x38
                0x008002b2                PROVIDE (__bss_start, .)
 *(.bss)
 .bss           0x008002b2       0x38 obj\Release\09. Motor Servo\main.o
                0x008002b2                xxx
                0x008002b4                AdRoiT
                0x008002bd                sensor
                0x008002be                rx_buffer_overflow1
                0x008002bf                rx_counter1
                0x008002c0                rx_rd_index1
                0x008002c1                rx_wr_index1
                0x008002c2                rx_buffer1
                0x008002d2                i2c
                0x008002d3                adc
                0x008002d4                lcd
                0x008002d5                buzzer
                0x008002d6                roda
                0x008002de                servo
                0x008002df                dServo4
                0x008002e0                dServo3
                0x008002e1                dServo2
                0x008002e2                dServo1
                0x008002e3                dServo5
 *(.bss*)
 *(COMMON)
                0x008002ea                PROVIDE (__bss_end, .)
                0x00000c6a                __data_load_start = LOADADDR (.data)
                0x00000e1c                __data_load_end = (__data_load_start + SIZEOF (.data))

.noinit         0x008002ea        0x0
                0x008002ea                PROVIDE (__noinit_start, .)
 *(.noinit*)
                0x008002ea                PROVIDE (__noinit_end, .)
                0x008002ea                _end = .
                0x008002ea                PROVIDE (__heap_start, .)

.eeprom         0x00810000        0x0
 *(.eeprom*)
                0x00810000                __eeprom_end = .

.fuse
 *(.fuse)
 *(.lfuse)
 *(.hfuse)
 *(.efuse)

.lock
 *(.lock*)

.signature
 *(.signature*)

.user_signatures
 *(.user_signatures*)

.stab
 *(.stab)

.stabstr
 *(.stabstr)

.stab.excl
 *(.stab.excl)

.stab.exclstr
 *(.stab.exclstr)

.stab.index
 *(.stab.index)

.stab.indexstr
 *(.stab.indexstr)

.comment        0x00000000       0x30
 *(.comment)
 .comment       0x00000000       0x30 obj\Release\09. Motor Servo\main.o
                                 0x31 (size before relaxing)

.note.gnu.build-id
 *(.note.gnu.build-id)

.debug
 *(.debug)

.line
 *(.line)

.debug_srcinfo
 *(.debug_srcinfo)

.debug_sfnames
 *(.debug_sfnames)

.debug_aranges
 *(.debug_aranges)

.debug_pubnames
 *(.debug_pubnames)

.debug_info
 *(.debug_info .gnu.linkonce.wi.*)

.debug_abbrev
 *(.debug_abbrev)

.debug_line
 *(.debug_line .debug_line.* .debug_line_end)

.debug_frame
 *(.debug_frame)

.debug_str
 *(.debug_str)

.debug_loc
 *(.debug_loc)

.debug_macinfo
 *(.debug_macinfo)

.debug_weaknames
 *(.debug_weaknames)

.debug_funcnames
 *(.debug_funcnames)

.debug_typenames
 *(.debug_typenames)

.debug_varnames
 *(.debug_varnames)

.debug_pubtypes
 *(.debug_pubtypes)

.debug_ranges
 *(.debug_ranges)

.debug_macro
 *(.debug_macro)
OUTPUT(bin\Release\Servo.elf elf32-avr)
LOAD linker stubs

Cross Reference Table

Symbol                                            File
AdRoiT                                            obj\Release\09. Motor Servo\main.o
BacaSerial1(unsigned int)                         obj\Release\09. Motor Servo\main.o
KirimAngka3s(int)                                 obj\Release\09. Motor Servo\main.o
KirimAngka3u(unsigned int)                        obj\Release\09. Motor Servo\main.o
KirimAngka4s(int)                                 obj\Release\09. Motor Servo\main.o
KirimAngka4u(int)                                 obj\Release\09. Motor Servo\main.o
KirimAngka5s(int)                                 obj\Release\09. Motor Servo\main.o
KirimAngka5u(unsigned int)                        obj\Release\09. Motor Servo\main.o
SystemInit()                                      obj\Release\09. Motor Servo\main.o
__addsf3                                          c:/users/eko henfri/dropbox/er2c.share/er2c robot education/program/adroit/adroit projects/tools/avr8-gnu-toolchain/bin/../lib/gcc/avr/4.8.1/../../../../avr/lib/avr51\libm.a(addsf3.o)
__addsf3x                                         c:/users/eko henfri/dropbox/er2c.share/er2c robot education/program/adroit/adroit projects/tools/avr8-gnu-toolchain/bin/../lib/gcc/avr/4.8.1/../../../../avr/lib/avr51\libm.a(addsf3x.o)
                                                  c:/users/eko henfri/dropbox/er2c.share/er2c robot education/program/adroit/adroit projects/tools/avr8-gnu-toolchain/bin/../lib/gcc/avr/4.8.1/../../../../avr/lib/avr51\libm.a(addsf3.o)
__bad_interrupt                                   c:/users/eko henfri/dropbox/er2c.share/er2c robot education/program/adroit/adroit projects/tools/avr8-gnu-toolchain/bin/../lib/gcc/avr/4.8.1/../../../../avr/lib/avr51/crtm128.o
__bss_end                                         c:/users/eko henfri/dropbox/er2c.share/er2c robot education/program/adroit/adroit projects/tools/avr8-gnu-toolchain/bin/../lib/gcc/avr/4.8.1/avr51\libgcc.a(_clear_bss.o)
__bss_start                                       c:/users/eko henfri/dropbox/er2c.share/er2c robot education/program/adroit/adroit projects/tools/avr8-gnu-toolchain/bin/../lib/gcc/avr/4.8.1/avr51\libgcc.a(_clear_bss.o)
__cmpsf2                                          c:/users/eko henfri/dropbox/er2c.share/er2c robot education/program/adroit/adroit projects/tools/avr8-gnu-toolchain/bin/../lib/gcc/avr/4.8.1/../../../../avr/lib/avr51\libm.a(cmpsf2.o)
__ctors_end                                       c:/users/eko henfri/dropbox/er2c.share/er2c robot education/program/adroit/adroit projects/tools/avr8-gnu-toolchain/bin/../lib/gcc/avr/4.8.1/avr51\libgcc.a(_ctors.o)
__ctors_start                                     c:/users/eko henfri/dropbox/er2c.share/er2c robot education/program/adroit/adroit projects/tools/avr8-gnu-toolchain/bin/../lib/gcc/avr/4.8.1/avr51\libgcc.a(_ctors.o)
__data_end                                        c:/users/eko henfri/dropbox/er2c.share/er2c robot education/program/adroit/adroit projects/tools/avr8-gnu-toolchain/bin/../lib/gcc/avr/4.8.1/avr51\libgcc.a(_copy_data.o)
__data_load_start                                 c:/users/eko henfri/dropbox/er2c.share/er2c robot education/program/adroit/adroit projects/tools/avr8-gnu-toolchain/bin/../lib/gcc/avr/4.8.1/avr51\libgcc.a(_copy_data.o)
__data_start                                      c:/users/eko henfri/dropbox/er2c.share/er2c robot education/program/adroit/adroit projects/tools/avr8-gnu-toolchain/bin/../lib/gcc/avr/4.8.1/avr51\libgcc.a(_copy_data.o)
__divmodhi4                                       c:/users/eko henfri/dropbox/er2c.share/er2c robot education/program/adroit/adroit projects/tools/avr8-gnu-toolchain/bin/../lib/gcc/avr/4.8.1/avr51\libgcc.a(_divmodhi4.o)
                                                  obj\Release\09. Motor Servo\main.o
__do_clear_bss                                    c:/users/eko henfri/dropbox/er2c.share/er2c robot education/program/adroit/adroit projects/tools/avr8-gnu-toolchain/bin/../lib/gcc/avr/4.8.1/avr51\libgcc.a(_clear_bss.o)
                                                  obj\Release\09. Motor Servo\main.o
__do_copy_data                                    c:/users/eko henfri/dropbox/er2c.share/er2c robot education/program/adroit/adroit projects/tools/avr8-gnu-toolchain/bin/../lib/gcc/avr/4.8.1/avr51\libgcc.a(_copy_data.o)
                                                  obj\Release\09. Motor Servo\main.o
__do_global_ctors                                 c:/users/eko henfri/dropbox/er2c.share/er2c robot education/program/adroit/adroit projects/tools/avr8-gnu-toolchain/bin/../lib/gcc/avr/4.8.1/avr51\libgcc.a(_ctors.o)
                                                  obj\Release\09. Motor Servo\main.o
__eqsf2                                           c:/users/eko henfri/dropbox/er2c.share/er2c robot education/program/adroit/adroit projects/tools/avr8-gnu-toolchain/bin/../lib/gcc/avr/4.8.1/../../../../avr/lib/avr51\libm.a(cmpsf2.o)
__fixsfsi                                         c:/users/eko henfri/dropbox/er2c.share/er2c robot education/program/adroit/adroit projects/tools/avr8-gnu-toolchain/bin/../lib/gcc/avr/4.8.1/../../../../avr/lib/avr51\libm.a(fixsfsi.o)
                                                  obj\Release\09. Motor Servo\main.o
__fixunssfsi                                      c:/users/eko henfri/dropbox/er2c.share/er2c robot education/program/adroit/adroit projects/tools/avr8-gnu-toolchain/bin/../lib/gcc/avr/4.8.1/../../../../avr/lib/avr51\libm.a(fixunssfsi.o)
                                                  c:/users/eko henfri/dropbox/er2c.share/er2c robot education/program/adroit/adroit projects/tools/avr8-gnu-toolchain/bin/../lib/gcc/avr/4.8.1/../../../../avr/lib/avr51\libm.a(fixsfsi.o)
                                                  obj\Release\09. Motor Servo\main.o
__floatsisf                                       c:/users/eko henfri/dropbox/er2c.share/er2c robot education/program/adroit/adroit projects/tools/avr8-gnu-toolchain/bin/../lib/gcc/avr/4.8.1/../../../../avr/lib/avr51\libm.a(floatsisf.o)
                                                  obj\Release\09. Motor Servo\main.o
__floatunsisf                                     c:/users/eko henfri/dropbox/er2c.share/er2c robot education/program/adroit/adroit projects/tools/avr8-gnu-toolchain/bin/../lib/gcc/avr/4.8.1/../../../../avr/lib/avr51\libm.a(floatsisf.o)
__fp_cmp                                          c:/users/eko henfri/dropbox/er2c.share/er2c robot education/program/adroit/adroit projects/tools/avr8-gnu-toolchain/bin/../lib/gcc/avr/4.8.1/../../../../avr/lib/avr51\libm.a(fp_cmp.o)
                                                  c:/users/eko henfri/dropbox/er2c.share/er2c robot education/program/adroit/adroit projects/tools/avr8-gnu-toolchain/bin/../lib/gcc/avr/4.8.1/../../../../avr/lib/avr51\libm.a(cmpsf2.o)
__fp_inf                                          c:/users/eko henfri/dropbox/er2c.share/er2c robot education/program/adroit/adroit projects/tools/avr8-gnu-toolchain/bin/../lib/gcc/avr/4.8.1/../../../../avr/lib/avr51\libm.a(fp_inf.o)
                                                  c:/users/eko henfri/dropbox/er2c.share/er2c robot education/program/adroit/adroit projects/tools/avr8-gnu-toolchain/bin/../lib/gcc/avr/4.8.1/../../../../avr/lib/avr51\libm.a(mulsf3x.o)
                                                  c:/users/eko henfri/dropbox/er2c.share/er2c robot education/program/adroit/adroit projects/tools/avr8-gnu-toolchain/bin/../lib/gcc/avr/4.8.1/../../../../avr/lib/avr51\libm.a(addsf3x.o)
__fp_nan                                          c:/users/eko henfri/dropbox/er2c.share/er2c robot education/program/adroit/adroit projects/tools/avr8-gnu-toolchain/bin/../lib/gcc/avr/4.8.1/../../../../avr/lib/avr51\libm.a(fp_nan.o)
                                                  c:/users/eko henfri/dropbox/er2c.share/er2c robot education/program/adroit/adroit projects/tools/avr8-gnu-toolchain/bin/../lib/gcc/avr/4.8.1/../../../../avr/lib/avr51\libm.a(mulsf3x.o)
                                                  c:/users/eko henfri/dropbox/er2c.share/er2c robot education/program/adroit/adroit projects/tools/avr8-gnu-toolchain/bin/../lib/gcc/avr/4.8.1/../../../../avr/lib/avr51\libm.a(addsf3x.o)
__fp_pscA                                         c:/users/eko henfri/dropbox/er2c.share/er2c robot education/program/adroit/adroit projects/tools/avr8-gnu-toolchain/bin/../lib/gcc/avr/4.8.1/../../../../avr/lib/avr51\libm.a(fp_pscA.o)
                                                  c:/users/eko henfri/dropbox/er2c.share/er2c robot education/program/adroit/adroit projects/tools/avr8-gnu-toolchain/bin/../lib/gcc/avr/4.8.1/../../../../avr/lib/avr51\libm.a(mulsf3x.o)
                                                  c:/users/eko henfri/dropbox/er2c.share/er2c robot education/program/adroit/adroit projects/tools/avr8-gnu-toolchain/bin/../lib/gcc/avr/4.8.1/../../../../avr/lib/avr51\libm.a(addsf3x.o)
__fp_pscB                                         c:/users/eko henfri/dropbox/er2c.share/er2c robot education/program/adroit/adroit projects/tools/avr8-gnu-toolchain/bin/../lib/gcc/avr/4.8.1/../../../../avr/lib/avr51\libm.a(fp_pscB.o)
                                                  c:/users/eko henfri/dropbox/er2c.share/er2c robot education/program/adroit/adroit projects/tools/avr8-gnu-toolchain/bin/../lib/gcc/avr/4.8.1/../../../../avr/lib/avr51\libm.a(mulsf3x.o)
                                                  c:/users/eko henfri/dropbox/er2c.share/er2c robot education/program/adroit/adroit projects/tools/avr8-gnu-toolchain/bin/../lib/gcc/avr/4.8.1/../../../../avr/lib/avr51\libm.a(addsf3x.o)
__fp_round                                        c:/users/eko henfri/dropbox/er2c.share/er2c robot education/program/adroit/adroit projects/tools/avr8-gnu-toolchain/bin/../lib/gcc/avr/4.8.1/../../../../avr/lib/avr51\libm.a(fp_round.o)
                                                  c:/users/eko henfri/dropbox/er2c.share/er2c robot education/program/adroit/adroit projects/tools/avr8-gnu-toolchain/bin/../lib/gcc/avr/4.8.1/../../../../avr/lib/avr51\libm.a(mulsf3.o)
                                                  c:/users/eko henfri/dropbox/er2c.share/er2c robot education/program/adroit/adroit projects/tools/avr8-gnu-toolchain/bin/../lib/gcc/avr/4.8.1/../../../../avr/lib/avr51\libm.a(addsf3.o)
__fp_split3                                       c:/users/eko henfri/dropbox/er2c.share/er2c robot education/program/adroit/adroit projects/tools/avr8-gnu-toolchain/bin/../lib/gcc/avr/4.8.1/../../../../avr/lib/avr51\libm.a(fp_split3.o)
                                                  c:/users/eko henfri/dropbox/er2c.share/er2c robot education/program/adroit/adroit projects/tools/avr8-gnu-toolchain/bin/../lib/gcc/avr/4.8.1/../../../../avr/lib/avr51\libm.a(mulsf3x.o)
                                                  c:/users/eko henfri/dropbox/er2c.share/er2c robot education/program/adroit/adroit projects/tools/avr8-gnu-toolchain/bin/../lib/gcc/avr/4.8.1/../../../../avr/lib/avr51\libm.a(addsf3x.o)
__fp_splitA                                       c:/users/eko henfri/dropbox/er2c.share/er2c robot education/program/adroit/adroit projects/tools/avr8-gnu-toolchain/bin/../lib/gcc/avr/4.8.1/../../../../avr/lib/avr51\libm.a(fp_split3.o)
                                                  c:/users/eko henfri/dropbox/er2c.share/er2c robot education/program/adroit/adroit projects/tools/avr8-gnu-toolchain/bin/../lib/gcc/avr/4.8.1/../../../../avr/lib/avr51\libm.a(fixunssfsi.o)
__fp_szero                                        c:/users/eko henfri/dropbox/er2c.share/er2c robot education/program/adroit/adroit projects/tools/avr8-gnu-toolchain/bin/../lib/gcc/avr/4.8.1/../../../../avr/lib/avr51\libm.a(fp_zero.o)
                                                  c:/users/eko henfri/dropbox/er2c.share/er2c robot education/program/adroit/adroit projects/tools/avr8-gnu-toolchain/bin/../lib/gcc/avr/4.8.1/../../../../avr/lib/avr51\libm.a(mulsf3x.o)
                                                  c:/users/eko henfri/dropbox/er2c.share/er2c robot education/program/adroit/adroit projects/tools/avr8-gnu-toolchain/bin/../lib/gcc/avr/4.8.1/../../../../avr/lib/avr51\libm.a(fixsfsi.o)
__fp_zero                                         c:/users/eko henfri/dropbox/er2c.share/er2c robot education/program/adroit/adroit projects/tools/avr8-gnu-toolchain/bin/../lib/gcc/avr/4.8.1/../../../../avr/lib/avr51\libm.a(fp_zero.o)
                                                  c:/users/eko henfri/dropbox/er2c.share/er2c robot education/program/adroit/adroit projects/tools/avr8-gnu-toolchain/bin/../lib/gcc/avr/4.8.1/../../../../avr/lib/avr51\libm.a(fixunssfsi.o)
                                                  c:/users/eko henfri/dropbox/er2c.share/er2c robot education/program/adroit/adroit projects/tools/avr8-gnu-toolchain/bin/../lib/gcc/avr/4.8.1/../../../../avr/lib/avr51\libm.a(addsf3x.o)
__heap_end                                        c:/users/eko henfri/dropbox/er2c.share/er2c robot education/program/adroit/adroit projects/tools/avr8-gnu-toolchain/bin/../lib/gcc/avr/4.8.1/../../../../avr/lib/avr51/crtm128.o
__init                                            c:/users/eko henfri/dropbox/er2c.share/er2c robot education/program/adroit/adroit projects/tools/avr8-gnu-toolchain/bin/../lib/gcc/avr/4.8.1/../../../../avr/lib/avr51/crtm128.o
__lesf2                                           c:/users/eko henfri/dropbox/er2c.share/er2c robot education/program/adroit/adroit projects/tools/avr8-gnu-toolchain/bin/../lib/gcc/avr/4.8.1/../../../../avr/lib/avr51\libm.a(cmpsf2.o)
__ltsf2                                           c:/users/eko henfri/dropbox/er2c.share/er2c robot education/program/adroit/adroit projects/tools/avr8-gnu-toolchain/bin/../lib/gcc/avr/4.8.1/../../../../avr/lib/avr51\libm.a(cmpsf2.o)
                                                  obj\Release\09. Motor Servo\main.o
__mulsf3                                          c:/users/eko henfri/dropbox/er2c.share/er2c robot education/program/adroit/adroit projects/tools/avr8-gnu-toolchain/bin/../lib/gcc/avr/4.8.1/../../../../avr/lib/avr51\libm.a(mulsf3.o)
                                                  obj\Release\09. Motor Servo\main.o
__mulsf3_pse                                      c:/users/eko henfri/dropbox/er2c.share/er2c robot education/program/adroit/adroit projects/tools/avr8-gnu-toolchain/bin/../lib/gcc/avr/4.8.1/../../../../avr/lib/avr51\libm.a(mulsf3x.o)
__mulsf3x                                         c:/users/eko henfri/dropbox/er2c.share/er2c robot education/program/adroit/adroit projects/tools/avr8-gnu-toolchain/bin/../lib/gcc/avr/4.8.1/../../../../avr/lib/avr51\libm.a(mulsf3x.o)
                                                  c:/users/eko henfri/dropbox/er2c.share/er2c robot education/program/adroit/adroit projects/tools/avr8-gnu-toolchain/bin/../lib/gcc/avr/4.8.1/../../../../avr/lib/avr51\libm.a(mulsf3.o)
__nesf2                                           c:/users/eko henfri/dropbox/er2c.share/er2c robot education/program/adroit/adroit projects/tools/avr8-gnu-toolchain/bin/../lib/gcc/avr/4.8.1/../../../../avr/lib/avr51\libm.a(cmpsf2.o)
__stack                                           c:/users/eko henfri/dropbox/er2c.share/er2c robot education/program/adroit/adroit projects/tools/avr8-gnu-toolchain/bin/../lib/gcc/avr/4.8.1/../../../../avr/lib/avr51/crtm128.o
__subsf3                                          c:/users/eko henfri/dropbox/er2c.share/er2c robot education/program/adroit/adroit projects/tools/avr8-gnu-toolchain/bin/../lib/gcc/avr/4.8.1/../../../../avr/lib/avr51\libm.a(addsf3.o)
                                                  obj\Release\09. Motor Servo\main.o
__tablejump_elpm__                                c:/users/eko henfri/dropbox/er2c.share/er2c robot education/program/adroit/adroit projects/tools/avr8-gnu-toolchain/bin/../lib/gcc/avr/4.8.1/avr51\libgcc.a(_tablejump_elpm.o)
                                                  c:/users/eko henfri/dropbox/er2c.share/er2c robot education/program/adroit/adroit projects/tools/avr8-gnu-toolchain/bin/../lib/gcc/avr/4.8.1/avr51\libgcc.a(_ctors.o)
__udivmodhi4                                      c:/users/eko henfri/dropbox/er2c.share/er2c robot education/program/adroit/adroit projects/tools/avr8-gnu-toolchain/bin/../lib/gcc/avr/4.8.1/avr51\libgcc.a(_udivmodhi4.o)
                                                  c:/users/eko henfri/dropbox/er2c.share/er2c robot education/program/adroit/adroit projects/tools/avr8-gnu-toolchain/bin/../lib/gcc/avr/4.8.1/avr51\libgcc.a(_divmodhi4.o)
                                                  obj\Release\09. Motor Servo\main.o
__udivmodqi4                                      c:/users/eko henfri/dropbox/er2c.share/er2c robot education/program/adroit/adroit projects/tools/avr8-gnu-toolchain/bin/../lib/gcc/avr/4.8.1/avr51\libgcc.a(_udivmodqi4.o)
                                                  obj\Release\09. Motor Servo\main.o
__udivmodsi4                                      c:/users/eko henfri/dropbox/er2c.share/er2c robot education/program/adroit/adroit projects/tools/avr8-gnu-toolchain/bin/../lib/gcc/avr/4.8.1/avr51\libgcc.a(_udivmodsi4.o)
                                                  obj\Release\09. Motor Servo\main.o
__vector_1                                        c:/users/eko henfri/dropbox/er2c.share/er2c robot education/program/adroit/adroit projects/tools/avr8-gnu-toolchain/bin/../lib/gcc/avr/4.8.1/../../../../avr/lib/avr51/crtm128.o
__vector_10                                       c:/users/eko henfri/dropbox/er2c.share/er2c robot education/program/adroit/adroit projects/tools/avr8-gnu-toolchain/bin/../lib/gcc/avr/4.8.1/../../../../avr/lib/avr51/crtm128.o
__vector_11                                       obj\Release\09. Motor Servo\main.o
                                                  c:/users/eko henfri/dropbox/er2c.share/er2c robot education/program/adroit/adroit projects/tools/avr8-gnu-toolchain/bin/../lib/gcc/avr/4.8.1/../../../../avr/lib/avr51/crtm128.o
__vector_12                                       c:/users/eko henfri/dropbox/er2c.share/er2c robot education/program/adroit/adroit projects/tools/avr8-gnu-toolchain/bin/../lib/gcc/avr/4.8.1/../../../../avr/lib/avr51/crtm128.o
__vector_13                                       c:/users/eko henfri/dropbox/er2c.share/er2c robot education/program/adroit/adroit projects/tools/avr8-gnu-toolchain/bin/../lib/gcc/avr/4.8.1/../../../../avr/lib/avr51/crtm128.o
__vector_14                                       obj\Release\09. Motor Servo\main.o
                                                  c:/users/eko henfri/dropbox/er2c.share/er2c robot education/program/adroit/adroit projects/tools/avr8-gnu-toolchain/bin/../lib/gcc/avr/4.8.1/../../../../avr/lib/avr51/crtm128.o
__vector_15                                       c:/users/eko henfri/dropbox/er2c.share/er2c robot education/program/adroit/adroit projects/tools/avr8-gnu-toolchain/bin/../lib/gcc/avr/4.8.1/../../../../avr/lib/avr51/crtm128.o
__vector_16                                       c:/users/eko henfri/dropbox/er2c.share/er2c robot education/program/adroit/adroit projects/tools/avr8-gnu-toolchain/bin/../lib/gcc/avr/4.8.1/../../../../avr/lib/avr51/crtm128.o
__vector_17                                       c:/users/eko henfri/dropbox/er2c.share/er2c robot education/program/adroit/adroit projects/tools/avr8-gnu-toolchain/bin/../lib/gcc/avr/4.8.1/../../../../avr/lib/avr51/crtm128.o
__vector_18                                       c:/users/eko henfri/dropbox/er2c.share/er2c robot education/program/adroit/adroit projects/tools/avr8-gnu-toolchain/bin/../lib/gcc/avr/4.8.1/../../../../avr/lib/avr51/crtm128.o
__vector_19                                       c:/users/eko henfri/dropbox/er2c.share/er2c robot education/program/adroit/adroit projects/tools/avr8-gnu-toolchain/bin/../lib/gcc/avr/4.8.1/../../../../avr/lib/avr51/crtm128.o
__vector_2                                        c:/users/eko henfri/dropbox/er2c.share/er2c robot education/program/adroit/adroit projects/tools/avr8-gnu-toolchain/bin/../lib/gcc/avr/4.8.1/../../../../avr/lib/avr51/crtm128.o
__vector_20                                       c:/users/eko henfri/dropbox/er2c.share/er2c robot education/program/adroit/adroit projects/tools/avr8-gnu-toolchain/bin/../lib/gcc/avr/4.8.1/../../../../avr/lib/avr51/crtm128.o
__vector_21                                       c:/users/eko henfri/dropbox/er2c.share/er2c robot education/program/adroit/adroit projects/tools/avr8-gnu-toolchain/bin/../lib/gcc/avr/4.8.1/../../../../avr/lib/avr51/crtm128.o
__vector_22                                       c:/users/eko henfri/dropbox/er2c.share/er2c robot education/program/adroit/adroit projects/tools/avr8-gnu-toolchain/bin/../lib/gcc/avr/4.8.1/../../../../avr/lib/avr51/crtm128.o
__vector_23                                       c:/users/eko henfri/dropbox/er2c.share/er2c robot education/program/adroit/adroit projects/tools/avr8-gnu-toolchain/bin/../lib/gcc/avr/4.8.1/../../../../avr/lib/avr51/crtm128.o
__vector_24                                       c:/users/eko henfri/dropbox/er2c.share/er2c robot education/program/adroit/adroit projects/tools/avr8-gnu-toolchain/bin/../lib/gcc/avr/4.8.1/../../../../avr/lib/avr51/crtm128.o
__vector_25                                       c:/users/eko henfri/dropbox/er2c.share/er2c robot education/program/adroit/adroit projects/tools/avr8-gnu-toolchain/bin/../lib/gcc/avr/4.8.1/../../../../avr/lib/avr51/crtm128.o
__vector_26                                       c:/users/eko henfri/dropbox/er2c.share/er2c robot education/program/adroit/adroit projects/tools/avr8-gnu-toolchain/bin/../lib/gcc/avr/4.8.1/../../../../avr/lib/avr51/crtm128.o
__vector_27                                       c:/users/eko henfri/dropbox/er2c.share/er2c robot education/program/adroit/adroit projects/tools/avr8-gnu-toolchain/bin/../lib/gcc/avr/4.8.1/../../../../avr/lib/avr51/crtm128.o
__vector_28                                       obj\Release\09. Motor Servo\main.o
                                                  c:/users/eko henfri/dropbox/er2c.share/er2c robot education/program/adroit/adroit projects/tools/avr8-gnu-toolchain/bin/../lib/gcc/avr/4.8.1/../../../../avr/lib/avr51/crtm128.o
__vector_29                                       c:/users/eko henfri/dropbox/er2c.share/er2c robot education/program/adroit/adroit projects/tools/avr8-gnu-toolchain/bin/../lib/gcc/avr/4.8.1/../../../../avr/lib/avr51/crtm128.o
__vector_3                                        c:/users/eko henfri/dropbox/er2c.share/er2c robot education/program/adroit/adroit projects/tools/avr8-gnu-toolchain/bin/../lib/gcc/avr/4.8.1/../../../../avr/lib/avr51/crtm128.o
__vector_30                                       obj\Release\09. Motor Servo\main.o
                                                  c:/users/eko henfri/dropbox/er2c.share/er2c robot education/program/adroit/adroit projects/tools/avr8-gnu-toolchain/bin/../lib/gcc/avr/4.8.1/../../../../avr/lib/avr51/crtm128.o
__vector_31                                       c:/users/eko henfri/dropbox/er2c.share/er2c robot education/program/adroit/adroit projects/tools/avr8-gnu-toolchain/bin/../lib/gcc/avr/4.8.1/../../../../avr/lib/avr51/crtm128.o
__vector_32                                       c:/users/eko henfri/dropbox/er2c.share/er2c robot education/program/adroit/adroit projects/tools/avr8-gnu-toolchain/bin/../lib/gcc/avr/4.8.1/../../../../avr/lib/avr51/crtm128.o
__vector_33                                       c:/users/eko henfri/dropbox/er2c.share/er2c robot education/program/adroit/adroit projects/tools/avr8-gnu-toolchain/bin/../lib/gcc/avr/4.8.1/../../../../avr/lib/avr51/crtm128.o
__vector_34                                       c:/users/eko henfri/dropbox/er2c.share/er2c robot education/program/adroit/adroit projects/tools/avr8-gnu-toolchain/bin/../lib/gcc/avr/4.8.1/../../../../avr/lib/avr51/crtm128.o
__vector_4                                        c:/users/eko henfri/dropbox/er2c.share/er2c robot education/program/adroit/adroit projects/tools/avr8-gnu-toolchain/bin/../lib/gcc/avr/4.8.1/../../../../avr/lib/avr51/crtm128.o
__vector_5                                        c:/users/eko henfri/dropbox/er2c.share/er2c robot education/program/adroit/adroit projects/tools/avr8-gnu-toolchain/bin/../lib/gcc/avr/4.8.1/../../../../avr/lib/avr51/crtm128.o
__vector_6                                        c:/users/eko henfri/dropbox/er2c.share/er2c robot education/program/adroit/adroit projects/tools/avr8-gnu-toolchain/bin/../lib/gcc/avr/4.8.1/../../../../avr/lib/avr51/crtm128.o
__vector_7                                        obj\Release\09. Motor Servo\main.o
                                                  c:/users/eko henfri/dropbox/er2c.share/er2c robot education/program/adroit/adroit projects/tools/avr8-gnu-toolchain/bin/../lib/gcc/avr/4.8.1/../../../../avr/lib/avr51/crtm128.o
__vector_8                                        obj\Release\09. Motor Servo\main.o
                                                  c:/users/eko henfri/dropbox/er2c.share/er2c robot education/program/adroit/adroit projects/tools/avr8-gnu-toolchain/bin/../lib/gcc/avr/4.8.1/../../../../avr/lib/avr51/crtm128.o
__vector_9                                        obj\Release\09. Motor Servo\main.o
                                                  c:/users/eko henfri/dropbox/er2c.share/er2c robot education/program/adroit/adroit projects/tools/avr8-gnu-toolchain/bin/../lib/gcc/avr/4.8.1/../../../../avr/lib/avr51/crtm128.o
__vector_default                                  c:/users/eko henfri/dropbox/er2c.share/er2c robot education/program/adroit/adroit projects/tools/avr8-gnu-toolchain/bin/../lib/gcc/avr/4.8.1/../../../../avr/lib/avr51/crtm128.o
__vectors                                         c:/users/eko henfri/dropbox/er2c.share/er2c robot education/program/adroit/adroit projects/tools/avr8-gnu-toolchain/bin/../lib/gcc/avr/4.8.1/../../../../avr/lib/avr51/crtm128.o
_div                                              c:/users/eko henfri/dropbox/er2c.share/er2c robot education/program/adroit/adroit projects/tools/avr8-gnu-toolchain/bin/../lib/gcc/avr/4.8.1/avr51\libgcc.a(_divmodhi4.o)
_exit                                             c:/users/eko henfri/dropbox/er2c.share/er2c robot education/program/adroit/adroit projects/tools/avr8-gnu-toolchain/bin/../lib/gcc/avr/4.8.1/avr51\libgcc.a(_exit.o)
adc                                               obj\Release\09. Motor Servo\main.o
buzzer                                            obj\Release\09. Motor Servo\main.o
cabs(signed char)                                 obj\Release\09. Motor Servo\main.o
dServo1                                           obj\Release\09. Motor Servo\main.o
dServo2                                           obj\Release\09. Motor Servo\main.o
dServo3                                           obj\Release\09. Motor Servo\main.o
dServo4                                           obj\Release\09. Motor Servo\main.o
dServo5                                           obj\Release\09. Motor Servo\main.o
delay_ms(unsigned int)                            obj\Release\09. Motor Servo\main.o
exit                                              c:/users/eko henfri/dropbox/er2c.share/er2c robot education/program/adroit/adroit projects/tools/avr8-gnu-toolchain/bin/../lib/gcc/avr/4.8.1/avr51\libgcc.a(_exit.o)
                                                  c:/users/eko henfri/dropbox/er2c.share/er2c robot education/program/adroit/adroit projects/tools/avr8-gnu-toolchain/bin/../lib/gcc/avr/4.8.1/../../../../avr/lib/avr51/crtm128.o
fabs(float)                                       obj\Release\09. Motor Servo\main.o
getchar1()                                        obj\Release\09. Motor Servo\main.o
i2c                                               obj\Release\09. Motor Servo\main.o
iabs(int)                                         obj\Release\09. Motor Servo\main.o
invSqrt(float)                                    obj\Release\09. Motor Servo\main.o
inverse(float)                                    obj\Release\09. Motor Servo\main.o
lcd                                               obj\Release\09. Motor Servo\main.o
main                                              obj\Release\09. Motor Servo\main.o
                                                  c:/users/eko henfri/dropbox/er2c.share/er2c robot education/program/adroit/adroit projects/tools/avr8-gnu-toolchain/bin/../lib/gcc/avr/4.8.1/../../../../avr/lib/avr51/crtm128.o
myADC::Baca(unsigned char)                        obj\Release\09. Motor Servo\main.o
myADC::BacaBatere()                               obj\Release\09. Motor Servo\main.o
myADC::CekBatere()                                obj\Release\09. Motor Servo\main.o
myADC::myADC()                                    obj\Release\09. Motor Servo\main.o
myADC::myADC()                                    obj\Release\09. Motor Servo\main.o
myAdroit::MajuPWM(unsigned int, unsigned int)     obj\Release\09. Motor Servo\main.o
myAdroit::MundurPWM(unsigned int, unsigned int)   obj\Release\09. Motor Servo\main.o
myAdroit::PutarKananPWM(unsigned int, unsigned int) obj\Release\09. Motor Servo\main.o
myAdroit::PutarKiriPWM(unsigned int, unsigned int) obj\Release\09. Motor Servo\main.o
myAdroit::Stop()                                  obj\Release\09. Motor Servo\main.o
myBuzzer::Beep(unsigned int, unsigned int)        obj\Release\09. Motor Servo\main.o
myBuzzer::Nada1()                                 obj\Release\09. Motor Servo\main.o
myBuzzer::Nada2()                                 obj\Release\09. Motor Servo\main.o
myBuzzer::Nada3()                                 obj\Release\09. Motor Servo\main.o
myBuzzer::Nada4()                                 obj\Release\09. Motor Servo\main.o
myBuzzer::NadaError()                             obj\Release\09. Motor Servo\main.o
myBuzzer::Off()                                   obj\Release\09. Motor Servo\main.o
myBuzzer::SetFrekwensi(unsigned int)              obj\Release\09. Motor Servo\main.o
myI2C::Init()                                     obj\Release\09. Motor Servo\main.o
myI2C::ReadAck()                                  obj\Release\09. Motor Servo\main.o
myI2C::ReadBit(unsigned char, unsigned char, unsigned char, unsigned char*) obj\Release\09. Motor Servo\main.o
myI2C::ReadBits(unsigned char, unsigned char, unsigned char, unsigned char, unsigned char*) obj\Release\09. Motor Servo\main.o
myI2C::ReadByte(unsigned char, unsigned char, unsigned char*) obj\Release\09. Motor Servo\main.o
myI2C::ReadBytesReverse(unsigned char, unsigned char, unsigned char, unsigned char*) obj\Release\09. Motor Servo\main.o
myI2C::ReadNak()                                  obj\Release\09. Motor Servo\main.o
myI2C::Rep_Start(unsigned char)                   obj\Release\09. Motor Servo\main.o
myI2C::Start(unsigned char)                       obj\Release\09. Motor Servo\main.o
myI2C::Start_Wait(unsigned char)                  obj\Release\09. Motor Servo\main.o
myI2C::Stop()                                     obj\Release\09. Motor Servo\main.o
myI2C::Write(unsigned char)                       obj\Release\09. Motor Servo\main.o
myI2C::WriteBit(unsigned char, unsigned char, unsigned char, unsigned char) obj\Release\09. Motor Servo\main.o
myI2C::WriteBits(unsigned char, unsigned char, unsigned char, unsigned char, unsigned char) obj\Release\09. Motor Servo\main.o
myI2C::WriteByte(unsigned char, unsigned char, unsigned char) obj\Release\09. Motor Servo\main.o
myI2C::WriteBytes(unsigned char, unsigned char, unsigned char, unsigned char*) obj\Release\09. Motor Servo\main.o
myLCD::Angka3(int)                                obj\Release\09. Motor Servo\main.o
myLCD::Angka3u(unsigned int)                      obj\Release\09. Motor Servo\main.o
myLCD::Angka4(int)                                obj\Release\09. Motor Servo\main.o
myLCD::Angka4u(unsigned int)                      obj\Release\09. Motor Servo\main.o
myLCD::Angka5(int)                                obj\Release\09. Motor Servo\main.o
myLCD::Angka5u(unsigned int)                      obj\Release\09. Motor Servo\main.o
myLCD::BackLight(unsigned char)                   obj\Release\09. Motor Servo\main.o
myLCD::Biner(unsigned char)                       obj\Release\09. Motor Servo\main.o
myLCD::Data(unsigned char)                        obj\Release\09. Motor Servo\main.o
myLCD::Float(float, unsigned char)                obj\Release\09. Motor Servo\main.o
myLCD::GotoXY(unsigned char, unsigned char)       obj\Release\09. Motor Servo\main.o
myLCD::Hapus()                                    obj\Release\09. Motor Servo\main.o
myLCD::HapusBaris(unsigned char)                  obj\Release\09. Motor Servo\main.o
myLCD::HapusKanan(unsigned char)                  obj\Release\09. Motor Servo\main.o
myLCD::HapusKiri(unsigned char)                   obj\Release\09. Motor Servo\main.o
myLCD::HapusPinggir(unsigned char)                obj\Release\09. Motor Servo\main.o
myLCD::HapusTengah(unsigned char)                 obj\Release\09. Motor Servo\main.o
myLCD::Init()                                     obj\Release\09. Motor Servo\main.o
myLCD::InitCmd(unsigned char)                     obj\Release\09. Motor Servo\main.o
myLCD::Perintah(unsigned char)                    obj\Release\09. Motor Servo\main.o
myLCD::Text(char const*)                          obj\Release\09. Motor Servo\main.o
myLCD::Tulis(unsigned char, char const*)          obj\Release\09. Motor Servo\main.o
myLCD::TulisKanan(unsigned char, char const*)     obj\Release\09. Motor Servo\main.o
myLCD::TulisKiri(unsigned char, char const*)      obj\Release\09. Motor Servo\main.o
myLCD::TulisPinggir(unsigned char, char const*)   obj\Release\09. Motor Servo\main.o
myLCD::TulisTengah(unsigned char, char const*)    obj\Release\09. Motor Servo\main.o
myLCD::sByte(signed char)                         obj\Release\09. Motor Servo\main.o
myLCD::uByte(unsigned char)                       obj\Release\09. Motor Servo\main.o
myMotor::SpeedPWM(int, int)                       obj\Release\09. Motor Servo\main.o
myMotor::Stop()                                   obj\Release\09. Motor Servo\main.o
myMotor::myMotor()                                obj\Release\09. Motor Servo\main.o
myMotor::myMotor()                                obj\Release\09. Motor Servo\main.o
myScanGaris::BelokKananGarisPWM(unsigned int, unsigned int) obj\Release\09. Motor Servo\main.o
myScanGaris::BelokKiriGarisPWM(unsigned int, unsigned int) obj\Release\09. Motor Servo\main.o
myScanGaris::CekSensor(unsigned char, unsigned char, unsigned char*) obj\Release\09. Motor Servo\main.o
myScanGaris::Scan(unsigned int)                   obj\Release\09. Motor Servo\main.o
myScanGaris::Scan3Kanan(unsigned int)             obj\Release\09. Motor Servo\main.o
myScanGaris::Scan3Kiri(unsigned int)              obj\Release\09. Motor Servo\main.o
myScanGaris::ScanBelokKanan(unsigned int, unsigned char, unsigned int, unsigned char, unsigned char) obj\Release\09. Motor Servo\main.o
myScanGaris::ScanBelokKiri(unsigned int, unsigned char, unsigned int, unsigned char, unsigned char) obj\Release\09. Motor Servo\main.o
myScanGaris::ScanCounter(unsigned int, int)       obj\Release\09. Motor Servo\main.o
myScanGaris::SetArahRobot(unsigned char)          obj\Release\09. Motor Servo\main.o
myScanGaris::TungguSensorKananBelok()             obj\Release\09. Motor Servo\main.o
myScanGaris::TungguSensorKiriBelok()              obj\Release\09. Motor Servo\main.o
myScanGaris::UpdateSensorGaris(unsigned char, unsigned char) obj\Release\09. Motor Servo\main.o
myScanGaris::UpdateSensorPertigaan(unsigned char, unsigned char) obj\Release\09. Motor Servo\main.o
myScanGaris::myScanGaris()                        obj\Release\09. Motor Servo\main.o
myScanGaris::myScanGaris()                        obj\Release\09. Motor Servo\main.o
mySensorGaris::BacaGaris(unsigned char, unsigned char) obj\Release\09. Motor Servo\main.o
mySensorGaris::KalibrasiRB(unsigned char)         obj\Release\09. Motor Servo\main.o
mySensorGaris::KalibrasiRGB(unsigned char)        obj\Release\09. Motor Servo\main.o
mySensorGaris::PesanKalibrasiBerhasil()           obj\Release\09. Motor Servo\main.o
mySensorGaris::PesanKalibrasiGagal()              obj\Release\09. Motor Servo\main.o
mySensorGaris::PesanSensor()                      obj\Release\09. Motor Servo\main.o
mySensorGaris::TungguTombolKalibrasi(unsigned char, unsigned char) obj\Release\09. Motor Servo\main.o
myServo::HitungSudut(unsigned char)               obj\Release\09. Motor Servo\main.o
myServo::HitungSudut2(unsigned char)              obj\Release\09. Motor Servo\main.o
myServo::myServo()                                obj\Release\09. Motor Servo\main.o
myServo::myServo()                                obj\Release\09. Motor Servo\main.o
putchar1(signed char)                             obj\Release\09. Motor Servo\main.o
roda                                              obj\Release\09. Motor Servo\main.o
rx_buffer1                                        obj\Release\09. Motor Servo\main.o
rx_buffer_overflow1                               obj\Release\09. Motor Servo\main.o
rx_counter1                                       obj\Release\09. Motor Servo\main.o
rx_rd_index1                                      obj\Release\09. Motor Servo\main.o
rx_wr_index1                                      obj\Release\09. Motor Servo\main.o
sensor                                            obj\Release\09. Motor Servo\main.o
servo                                             obj\Release\09. Motor Servo\main.o
xxx                                               obj\Release\09. Motor Servo\main.o
