Archive member included to satisfy reference by file (symbol)

c:/adroit/tools/avr8-gnu-toolchain/bin/../lib/gcc/avr/5.4.0/avr51\libgcc.a(_udivmodhi4.o)
                              obj\Release\16. Simple Balancing dengan DMP\main.o (__udivmodhi4)
c:/adroit/tools/avr8-gnu-toolchain/bin/../lib/gcc/avr/5.4.0/avr51\libgcc.a(_divmodhi4.o)
                              obj\Release\16. Simple Balancing dengan DMP\main.o (__divmodhi4)
c:/adroit/tools/avr8-gnu-toolchain/bin/../lib/gcc/avr/5.4.0/avr51\libgcc.a(_udivmodsi4.o)
                              obj\Release\16. Simple Balancing dengan DMP\main.o (__udivmodsi4)
c:/adroit/tools/avr8-gnu-toolchain/bin/../lib/gcc/avr/5.4.0/avr51\libgcc.a(_exit.o)
                              c:/adroit/tools/avr8-gnu-toolchain/bin/../lib/gcc/avr/5.4.0/../../../../avr/lib/avr51/crtatmega128.o (exit)
c:/adroit/tools/avr8-gnu-toolchain/bin/../lib/gcc/avr/5.4.0/avr51\libgcc.a(_copy_data.o)
                              obj\Release\16. Simple Balancing dengan DMP\main.o (__do_copy_data)
c:/adroit/tools/avr8-gnu-toolchain/bin/../lib/gcc/avr/5.4.0/avr51\libgcc.a(_clear_bss.o)
                              obj\Release\16. Simple Balancing dengan DMP\main.o (__do_clear_bss)
c:/adroit/tools/avr8-gnu-toolchain/bin/../lib/gcc/avr/5.4.0/avr51\libgcc.a(_ctors.o)
                              obj\Release\16. Simple Balancing dengan DMP\main.o (__do_global_ctors)
c:/adroit/tools/avr8-gnu-toolchain/bin/../lib/gcc/avr/5.4.0/avr51\libgcc.a(_bswapsi2.o)
                              obj\Release\16. Simple Balancing dengan DMP\main.o (__bswapsi2)
c:/adroit/tools/avr8-gnu-toolchain/bin/../lib/gcc/avr/5.4.0/avr51\libgcc.a(_umulhisi3.o)
                              obj\Release\16. Simple Balancing dengan DMP\main.o (__umulhisi3)
c:/adroit/tools/avr8-gnu-toolchain/bin/../lib/gcc/avr/5.4.0/avr51\libgcc.a(_tablejump2.o)
                              c:/adroit/tools/avr8-gnu-toolchain/bin/../lib/gcc/avr/5.4.0/avr51\libgcc.a(_ctors.o) (__tablejump2__)
c:/adroit/tools/avr8-gnu-toolchain/bin/../lib/gcc/avr/5.4.0/../../../../avr/lib/avr51\libm.a(addsf3.o)
                              obj\Release\16. Simple Balancing dengan DMP\main.o (__subsf3)
c:/adroit/tools/avr8-gnu-toolchain/bin/../lib/gcc/avr/5.4.0/../../../../avr/lib/avr51\libm.a(addsf3x.o)
                              c:/adroit/tools/avr8-gnu-toolchain/bin/../lib/gcc/avr/5.4.0/../../../../avr/lib/avr51\libm.a(addsf3.o) (__addsf3x)
c:/adroit/tools/avr8-gnu-toolchain/bin/../lib/gcc/avr/5.4.0/../../../../avr/lib/avr51\libm.a(atan2.o)
                              obj\Release\16. Simple Balancing dengan DMP\main.o (atan2)
c:/adroit/tools/avr8-gnu-toolchain/bin/../lib/gcc/avr/5.4.0/../../../../avr/lib/avr51\libm.a(atan.o)
                              c:/adroit/tools/avr8-gnu-toolchain/bin/../lib/gcc/avr/5.4.0/../../../../avr/lib/avr51\libm.a(atan2.o) (atan)
c:/adroit/tools/avr8-gnu-toolchain/bin/../lib/gcc/avr/5.4.0/../../../../avr/lib/avr51\libm.a(cmpsf2.o)
                              obj\Release\16. Simple Balancing dengan DMP\main.o (__ltsf2)
c:/adroit/tools/avr8-gnu-toolchain/bin/../lib/gcc/avr/5.4.0/../../../../avr/lib/avr51\libm.a(divsf3.o)
                              obj\Release\16. Simple Balancing dengan DMP\main.o (__divsf3)
c:/adroit/tools/avr8-gnu-toolchain/bin/../lib/gcc/avr/5.4.0/../../../../avr/lib/avr51\libm.a(divsf3x.o)
                              c:/adroit/tools/avr8-gnu-toolchain/bin/../lib/gcc/avr/5.4.0/../../../../avr/lib/avr51\libm.a(divsf3.o) (__divsf3x)
c:/adroit/tools/avr8-gnu-toolchain/bin/../lib/gcc/avr/5.4.0/../../../../avr/lib/avr51\libm.a(fixsfsi.o)
                              obj\Release\16. Simple Balancing dengan DMP\main.o (__fixsfsi)
c:/adroit/tools/avr8-gnu-toolchain/bin/../lib/gcc/avr/5.4.0/../../../../avr/lib/avr51\libm.a(fixunssfsi.o)
                              obj\Release\16. Simple Balancing dengan DMP\main.o (__fixunssfsi)
c:/adroit/tools/avr8-gnu-toolchain/bin/../lib/gcc/avr/5.4.0/../../../../avr/lib/avr51\libm.a(floatsisf.o)
                              obj\Release\16. Simple Balancing dengan DMP\main.o (__floatsisf)
c:/adroit/tools/avr8-gnu-toolchain/bin/../lib/gcc/avr/5.4.0/../../../../avr/lib/avr51\libm.a(fp_cmp.o)
                              c:/adroit/tools/avr8-gnu-toolchain/bin/../lib/gcc/avr/5.4.0/../../../../avr/lib/avr51\libm.a(cmpsf2.o) (__fp_cmp)
c:/adroit/tools/avr8-gnu-toolchain/bin/../lib/gcc/avr/5.4.0/../../../../avr/lib/avr51\libm.a(fp_inf.o)
                              c:/adroit/tools/avr8-gnu-toolchain/bin/../lib/gcc/avr/5.4.0/../../../../avr/lib/avr51\libm.a(addsf3x.o) (__fp_inf)
c:/adroit/tools/avr8-gnu-toolchain/bin/../lib/gcc/avr/5.4.0/../../../../avr/lib/avr51\libm.a(fp_nan.o)
                              c:/adroit/tools/avr8-gnu-toolchain/bin/../lib/gcc/avr/5.4.0/../../../../avr/lib/avr51\libm.a(addsf3x.o) (__fp_nan)
c:/adroit/tools/avr8-gnu-toolchain/bin/../lib/gcc/avr/5.4.0/../../../../avr/lib/avr51\libm.a(fp_powser.o)
[...]
Memory Configuration

Name             Origin             Length             Attributes
text             0x00000000         0x00020000         xr
data             0x00800100         0x0000ff00         rw !x
eeprom           0x00810000         0x00010000         rw !x
fuse             0x00820000         0x00000003         rw !x
lock             0x00830000         0x00000400         rw !x
signature        0x00840000         0x00000400         rw !x
user_signatures  0x00850000         0x00000400         rw !x
*default*        0x00000000         0xffffffff

Linker script and memory map

Address of section .data set to 0x800100
LOAD c:/adroit/tools/avr8-gnu-toolchain/bin/../lib/gcc/avr/5.4.0/../../../../avr/lib/avr51/crtatmega128.o
LOAD obj\Release\16. Simple Balancing dengan DMP\main.o
LOAD c:/adroit/tools/avr8-gnu-toolchain/bin/../lib/gcc/avr/5.4.0/avr51\libgcc.a
LOAD c:/adroit/tools/avr8-gnu-toolchain/bin/../lib/gcc/avr/5.4.0/../../../../avr/lib/avr51\libm.a
START GROUP
LOAD c:/adroit/tools/avr8-gnu-toolchain/bin/../lib/gcc/avr/5.4.0/avr51\libgcc.a
LOAD c:/adroit/tools/avr8-gnu-toolchain/bin/../lib/gcc/avr/5.4.0/../../../../avr/lib/avr51\libm.a
LOAD c:/adroit/tools/avr8-gnu-toolchain/bin/../lib/gcc/avr/5.4.0/../../../../avr/lib/avr51\libc.a
LOAD c:/adroit/tools/avr8-gnu-toolchain/bin/../lib/gcc/avr/5.4.0/../../../../avr/lib/avr51\libatmega128.a
END GROUP
                0x00020000                __TEXT_REGION_LENGTH__ = DEFINED (__TEXT_REGION_LENGTH__)?__TEXT_REGION_LENGTH__:0x20000
                0x0000ff00                __DATA_REGION_LENGTH__ = DEFINED (__DATA_REGION_LENGTH__)?__DATA_REGION_LENGTH__:0xff00
                0x00010000                __EEPROM_REGION_LENGTH__ = DEFINED (__EEPROM_REGION_LENGTH__)?__EEPROM_REGION_LENGTH__:0x10000
                [0x00000003]                __FUSE_REGION_LENGTH__ = DEFINED (__FUSE_REGION_LENGTH__)?__FUSE_REGION_LENGTH__:0x400
                0x00000400                __LOCK_REGION_LENGTH__ = DEFINED (__LOCK_REGION_LENGTH__)?__LOCK_REGION_LENGTH__:0x400
                0x00000400                __SIGNATURE_REGION_LENGTH__ = DEFINED (__SIGNATURE_REGION_LENGTH__)?__SIGNATURE_REGION_LENGTH__:0x400
                0x00000400                __USER_SIGNATURE_REGION_LENGTH__ = DEFINED (__USER_SIGNATURE_REGION_LENGTH__)?__USER_SIGNATURE_REGION_LENGTH__:0x400

.hash
 *(.hash)

.dynsym
 *(.dynsym)

.dynstr
 *(.dynstr)

.gnu.version
 *(.gnu.version)

.gnu.version_d
 *(.gnu.version_d)

.gnu.version_r
 *(.gnu.version_r)

.rel.init
 *(.rel.init)

.rela.init
 *(.rela.init)

.rel.text
 *(.rel.text)
 *(.rel.text.*)
 *(.rel.gnu.linkonce.t*)

.rela.text
 *(.rela.text)
 *(.rela.text.*)
 *(.rela.gnu.linkonce.t*)

.rel.fini
 *(.rel.fini)

.rela.fini
 *(.rela.fini)

.rel.rodata
 *(.rel.rodata)
 *(.rel.rodata.*)
 *(.rel.gnu.linkonce.r*)

.rela.rodata
 *(.rela.rodata)
 *(.rela.rodata.*)
 *(.rela.gnu.linkonce.r*)

.rel.data
 *(.rel.data)
 *(.rel.data.*)
 *(.rel.gnu.linkonce.d*)

.rela.data
 *(.rela.data)
 *(.rela.data.*)
 *(.rela.gnu.linkonce.d*)

.rel.ctors
 *(.rel.ctors)

.rela.ctors
 *(.rela.ctors)

.rel.dtors
 *(.rel.dtors)

.rela.dtors
 *(.rela.dtors)

.rel.got
 *(.rel.got)

.rela.got
 *(.rela.got)

.rel.bss
 *(.rel.bss)

.rela.bss
 *(.rela.bss)

.rel.plt
 *(.rel.plt)

.rela.plt
 *(.rela.plt)

.text           0x00000000     0x3e0c
 *(.vectors)
 .vectors       0x00000000       0x8c c:/adroit/tools/avr8-gnu-toolchain/bin/../lib/gcc/avr/5.4.0/../../../../avr/lib/avr51/crtatmega128.o
                0x00000000                __vector_default
                0x00000000                __vectors
 *(.vectors)
 *(.progmem.gcc*)
 .progmem.gcc_fplib
                0x0000008c       0x2d c:/adroit/tools/avr8-gnu-toolchain/bin/../lib/gcc/avr/5.4.0/../../../../avr/lib/avr51\libm.a(atan.o)
                0x000000ba                . = ALIGN (0x2)
 *fill*         0x000000b9        0x1 
                0x000000ba                __trampolines_start = .
 *(.trampolines)
 .trampolines   0x000000ba        0x0 linker stubs
 *(.trampolines*)
                0x000000ba                __trampolines_end = .
 *libprintf_flt.a:*(.progmem.data)
 *libc.a:*(.progmem.data)
 *(.progmem*)
 .progmem.data  0x000000ba      0x82e obj\Release\16. Simple Balancing dengan DMP\main.o
                0x000008e8                . = ALIGN (0x2)
 *(.jumptables)
 *(.jumptables*)
 *(.lowtext)
 *(.lowtext*)
                0x000008e8                __ctors_start = .
 *(.ctors)
 .ctors         0x000008e8        0x2 obj\Release\16. Simple Balancing dengan DMP\main.o
                0x000008ea                __ctors_end = .
                0x000008ea                __dtors_start = .
 *(.dtors)
                0x000008ea                __dtors_end = .
 SORT(*)(.ctors)
 SORT(*)(.dtors)
 *(.init0)
 .init0         0x000008ea        0x0 c:/adroit/tools/avr8-gnu-toolchain/bin/../lib/gcc/avr/5.4.0/../../../../avr/lib/avr51/crtatmega128.o
                0x000008ea                __init
 *(.init0)
 *(.init1)
 *(.init1)
 *(.init2)
 .init2         0x000008ea        0xc c:/adroit/tools/avr8-gnu-toolchain/bin/../lib/gcc/avr/5.4.0/../../../../avr/lib/avr51/crtatmega128.o
 *(.init2)
 *(.init3)
 *(.init3)
 *(.init4)
 .init4         0x000008f6       0x1a c:/adroit/tools/avr8-gnu-toolchain/bin/../lib/gcc/avr/5.4.0/avr51\libgcc.a(_copy_data.o)
                0x000008f6                __do_copy_data
 .init4         0x00000910       0x10 c:/adroit/tools/avr8-gnu-toolchain/bin/../lib/gcc/avr/5.4.0/avr51\libgcc.a(_clear_bss.o)
                0x00000910                __do_clear_bss
 *(.init4)
 *(.init5)
 *(.init5)
 *(.init6)
 .init6         0x00000920       0x16 c:/adroit/tools/avr8-gnu-toolchain/bin/../lib/gcc/avr/5.4.0/avr51\libgcc.a(_ctors.o)
                0x00000920                __do_global_ctors
 *(.init6)
 *(.init7)
 *(.init7)
 *(.init8)
 *(.init8)
 *(.init9)
 .init9         0x00000936        0x8 c:/adroit/tools/avr8-gnu-toolchain/bin/../lib/gcc/avr/5.4.0/../../../../avr/lib/avr51/crtatmega128.o
 *(.init9)
 *(.text)
 .text          0x0000093e        0x4 c:/adroit/tools/avr8-gnu-toolchain/bin/../lib/gcc/avr/5.4.0/../../../../avr/lib/avr51/crtatmega128.o
                0x0000093e                __vector_22
                0x0000093e                __vector_1
                0x0000093e                __vector_32
                0x0000093e                __vector_34
                0x0000093e                __vector_24
                0x0000093e                __vector_12
                0x0000093e                __bad_interrupt
                0x0000093e                __vector_6
                0x0000093e                __vector_31
                0x0000093e                __vector_3
                0x0000093e                __vector_23
                0x0000093e                __vector_25
                0x0000093e                __vector_13
                0x0000093e                __vector_17
                0x0000093e                __vector_19
                0x0000093e                __vector_27
                0x0000093e                __vector_5
                0x0000093e                __vector_33
                0x0000093e                __vector_4
                0x0000093e                __vector_2
                0x0000093e                __vector_21
                0x0000093e                __vector_15
                0x0000093e                __vector_29
                0x0000093e                __vector_26
                0x0000093e                __vector_10
                0x0000093e                __vector_16
                0x0000093e                __vector_18
                0x0000093e                __vector_20
                0x00000942                . = ALIGN (0x2)
 *(.text.*)
 .text._ZN5myLCD4DataEh.constprop.52
                0x00000942       0x52 obj\Release\16. Simple Balancing dengan DMP\main.o
 .text._ZN5myLCD8PerintahEh.constprop.56
                0x00000994       0x56 obj\Release\16. Simple Balancing dengan DMP\main.o
 .text._ZN5myADC9CekBatereEv.part.8
                0x000009ea       0xdc obj\Release\16. Simple Balancing dengan DMP\main.o
 .text._ZN5myADC9CekBatereEv.constprop.30
                0x00000ac6       0x2a obj\Release\16. Simple Balancing dengan DMP\main.o
 .text._ZN8myBuzzer4BeepEjj.constprop.38
                0x00000af0       0xac obj\Release\16. Simple Balancing dengan DMP\main.o
 .text._ZN5myI2C9WriteByteEhhh.constprop.35
                0x00000b9c       0x70 obj\Release\16. Simple Balancing dengan DMP\main.o
 .text._ZN5myI2C8ReadByteEhhPh.constprop.36
                0x00000c0c       0xb2 obj\Release\16. Simple Balancing dengan DMP\main.o
 .text._ZN5myI2C9WriteBitsEhhhhh.part.13.constprop.34
                0x00000cbe       0x8c obj\Release\16. Simple Balancing dengan DMP\main.o
 .text._ZN5myI2C8WriteBitEhhhh.constprop.26
                0x00000d4a       0x5a obj\Release\16. Simple Balancing dengan DMP\main.o
 .text._ZN5myI2C9ReadBytesEhhhPh.part.10.constprop.29
                0x00000da4       0xe0 obj\Release\16. Simple Balancing dengan DMP\main.o
 .text._ZN7MPU605016writeMemoryBlockEPKhjhhhh.constprop.24
                0x00000e84      0x2bc obj\Release\16. Simple Balancing dengan DMP\main.o
 .text._ZN7MPU605024writeDMPConfigurationSetEPKhjh.constprop.23
                0x00001140      0x3e8 obj\Release\16. Simple Balancing dengan DMP\main.o
 .text._ZN5myLCD9TulisKiriEhPKc.constprop.33
                0x00001528       0x8e obj\Release\16. Simple Balancing dengan DMP\main.o
 .text.__vector_30
                0x000015b6       0x96 obj\Release\16. Simple Balancing dengan DMP\main.o
                0x000015b6                __vector_30
 .text._ZN7myMotor8SpeedPWMEii
                0x0000164c       0x44 obj\Release\16. Simple Balancing dengan DMP\main.o
                0x0000164c                _ZN7myMotor8SpeedPWMEii
 .text._ZN11myBalancing7ControlEv.part.20
                0x00001690      0x3f6 obj\Release\16. Simple Balancing dengan DMP\main.o
 .text._ZN8myBuzzer5Nada1Ev
                0x00001a86       0xfe obj\Release\16. Simple Balancing dengan DMP\main.o
                0x00001a86                _ZN8myBuzzer5Nada1Ev
 .text._ZN8myBuzzer5Nada2Ev
                0x00001b84       0xfe obj\Release\16. Simple Balancing dengan DMP\main.o
                0x00001b84                _ZN8myBuzzer5Nada2Ev
 .text._ZN8myBuzzer9NadaErrorEv
                0x00001c82       0x92 obj\Release\16. Simple Balancing dengan DMP\main.o
                0x00001c82                _ZN8myBuzzer9NadaErrorEv
 .text._ZN5myLCD8PerintahEh
                0x00001d14       0x5e obj\Release\16. Simple Balancing dengan DMP\main.o
                0x00001d14                _ZN5myLCD8PerintahEh
 .text._ZN5myLCD4DataEh
                0x00001d72       0x52 obj\Release\16. Simple Balancing dengan DMP\main.o
                0x00001d72                _ZN5myLCD4DataEh
 .text._ZN5myLCD4InitEv
                0x00001dc4       0xaa obj\Release\16. Simple Balancing dengan DMP\main.o
                0x00001dc4                _ZN5myLCD4InitEv
 .text._ZN5myLCD10HapusBarisEh
                0x00001e6e       0x64 obj\Release\16. Simple Balancing dengan DMP\main.o
                0x00001e6e                _ZN5myLCD10HapusBarisEh
 .text._ZN7MPU605010initializeEv
                0x00001ed2       0x42 obj\Release\16. Simple Balancing dengan DMP\main.o
                0x00001ed2                _ZN7MPU605010initializeEv
 .text._ZN7MPU605012getFIFOCountEv
                0x00001f14       0xc0 obj\Release\16. Simple Balancing dengan DMP\main.o
                0x00001f14                _ZN7MPU605012getFIFOCountEv
 .text._ZN7MPU605015readMemoryBlockEPhjhh
                0x00001fd4      0x10e obj\Release\16. Simple Balancing dengan DMP\main.o
                0x00001fd4                _ZN7MPU605015readMemoryBlockEPhjhh
 .text._ZN5myDMP21dmpGetQuaternion16BitEv
                0x000020e2      0x1b2 obj\Release\16. Simple Balancing dengan DMP\main.o
                0x000020e2                _ZN5myDMP21dmpGetQuaternion16BitEv
 .text._ZN5myDMP7InitDMPEv
                0x00002294      0x48e obj\Release\16. Simple Balancing dengan DMP\main.o
                0x00002294                _ZN5myDMP7InitDMPEv
 .text.__vector_7
                0x00002722       0x5c obj\Release\16. Simple Balancing dengan DMP\main.o
                0x00002722                __vector_7
 .text.__vector_8
                0x0000277e       0x5c obj\Release\16. Simple Balancing dengan DMP\main.o
                0x0000277e                __vector_8
 .text.__vector_28
                0x000027da       0x52 obj\Release\16. Simple Balancing dengan DMP\main.o
                0x000027da                __vector_28
 .text.__vector_11
                0x0000282c       0x44 obj\Release\16. Simple Balancing dengan DMP\main.o
                0x0000282c                __vector_11
 .text.__vector_14
                0x00002870      0x100 obj\Release\16. Simple Balancing dengan DMP\main.o
                0x00002870                __vector_14
 .text.__vector_9
                0x00002970       0x86 obj\Release\16. Simple Balancing dengan DMP\main.o
                0x00002970                __vector_9
 .text._Z10SystemInitv
                0x000029f6      0x2ca obj\Release\16. Simple Balancing dengan DMP\main.o
                0x000029f6                _Z10SystemInitv
 .text.startup.main
                0x00002cc0      0x63e obj\Release\16. Simple Balancing dengan DMP\main.o
                0x00002cc0                main
 .text.startup._GLOBAL__sub_I__Z8delay_msj
                0x000032fe       0x48 obj\Release\16. Simple Balancing dengan DMP\main.o
 .text.libgcc.div
                0x00003346       0x28 c:/adroit/tools/avr8-gnu-toolchain/bin/../lib/gcc/avr/5.4.0/avr51\libgcc.a(_udivmodhi4.o)
                0x00003346                __udivmodhi4
 .text.libgcc.div
                0x0000336e       0x28 c:/adroit/tools/avr8-gnu-toolchain/bin/../lib/gcc/avr/5.4.0/avr51\libgcc.a(_divmodhi4.o)
                0x0000336e                _div
                0x0000336e                __divmodhi4
 .text.libgcc.div
                0x00003396       0x44 c:/adroit/tools/avr8-gnu-toolchain/bin/../lib/gcc/avr/5.4.0/avr51\libgcc.a(_udivmodsi4.o)
                0x00003396                __udivmodsi4
 .text.libgcc.mul
                0x000033da       0x1e c:/adroit/tools/avr8-gnu-toolchain/bin/../lib/gcc/avr/5.4.0/avr51\libgcc.a(_umulhisi3.o)
                0x000033da                __umulhisi3
 .text.libgcc   0x000033f8       0x12 c:/adroit/tools/avr8-gnu-toolchain/bin/../lib/gcc/avr/5.4.0/avr51\libgcc.a(_tablejump2.o)
                0x000033f8                __tablejump2__
 .text.avr-libc.fplib
                0x0000340a        0xe c:/adroit/tools/avr8-gnu-toolchain/bin/../lib/gcc/avr/5.4.0/../../../../avr/lib/avr51\libm.a(addsf3.o)
                0x0000340a                __subsf3
                0x0000340c                __addsf3
 .text.avr-libc.fplib
                0x00003418       0xcc c:/adroit/tools/avr8-gnu-toolchain/bin/../lib/gcc/avr/5.4.0/../../../../avr/lib/avr51\libm.a(addsf3x.o)
                0x0000343a                __addsf3x
 .text.avr-libc.fplib
                0x000034e4       0x86 c:/adroit/tools/avr8-gnu-toolchain/bin/../lib/gcc/avr/5.4.0/../../../../avr/lib/avr51\libm.a(atan2.o)
                0x0000350a                atan2
 .text.avr-libc.fplib
                0x0000356a       0x5e c:/adroit/tools/avr8-gnu-toolchain/bin/../lib/gcc/avr/5.4.0/../../../../avr/lib/avr51\libm.a(atan.o)
                0x0000356a                atan
 .text.avr-libc.fplib
                0x000035c8        0xa c:/adroit/tools/avr8-gnu-toolchain/bin/../lib/gcc/avr/5.4.0/../../../../avr/lib/avr51\libm.a(cmpsf2.o)
                0x000035c8                __nesf2
                0x000035c8                __eqsf2
                0x000035c8                __cmpsf2
                0x000035c8                __ltsf2
                0x000035c8                __lesf2
 .text.avr-libc.fplib
                0x000035d2        0x8 c:/adroit/tools/avr8-gnu-toolchain/bin/../lib/gcc/avr/5.4.0/../../../../avr/lib/avr51\libm.a(divsf3.o)
                0x000035d2                __divsf3
 .text.avr-libc.fplib
                0x000035da       0xdc c:/adroit/tools/avr8-gnu-toolchain/bin/../lib/gcc/avr/5.4.0/../../../../avr/lib/avr51\libm.a(divsf3x.o)
                0x000035fa                __divsf3x
                0x00003600                __divsf3_pse
 .text.avr-libc.fplib
                0x000036b6        0xe c:/adroit/tools/avr8-gnu-toolchain/bin/../lib/gcc/avr/5.4.0/../../../../avr/lib/avr51\libm.a(fixsfsi.o)
                0x000036b6                __fixsfsi
 .text.avr-libc.fplib
                0x000036c4       0x5e c:/adroit/tools/avr8-gnu-toolchain/bin/../lib/gcc/avr/5.4.0/../../../../avr/lib/avr51\libm.a(fixunssfsi.o)
                0x000036c4                __fixunssfsi
 .text.avr-libc.fplib
                0x00003722       0x7a c:/adroit/tools/avr8-gnu-toolchain/bin/../lib/gcc/avr/5.4.0/../../../../avr/lib/avr51\libm.a(floatsisf.o)
                0x00003722                __floatunsisf
                0x00003726                __floatsisf
 .text.avr-libc.fplib
                0x0000379c       0x48 c:/adroit/tools/avr8-gnu-toolchain/bin/../lib/gcc/avr/5.4.0/../../../../avr/lib/avr51\libm.a(fp_cmp.o)
                0x0000379c                __fp_cmp
 .text.avr-libc.fplib
                0x000037e4        0xc c:/adroit/tools/avr8-gnu-toolchain/bin/../lib/gcc/avr/5.4.0/../../../../avr/lib/avr51\libm.a(fp_inf.o)
                0x000037e4                __fp_inf
 .text.avr-libc.fplib
                0x000037f0        0x6 c:/adroit/tools/avr8-gnu-toolchain/bin/../lib/gcc/avr/5.4.0/../../../../avr/lib/avr51\libm.a(fp_nan.o)
                0x000037f0                __fp_nan
 .text.avr-libc.fplib
                0x000037f6       0x4e c:/adroit/tools/avr8-gnu-toolchain/bin/../lib/gcc/avr/5.4.0/../../../../avr/lib/avr51\libm.a(fp_powser.o)
                0x000037f6                __fp_powser
 .text.avr-libc.fplib
                0x00003844        0xe c:/adroit/tools/avr8-gnu-toolchain/bin/../lib/gcc/avr/5.4.0/../../../../avr/lib/avr51\libm.a(fp_pscA.o)
                0x00003844                __fp_pscA
 .text.avr-libc.fplib
                0x00003852        0xe c:/adroit/tools/avr8-gnu-toolchain/bin/../lib/gcc/avr/5.4.0/../../../../avr/lib/avr51\libm.a(fp_pscB.o)
                0x00003852                __fp_pscB
 .text.avr-libc.fplib
                0x00003860       0x22 c:/adroit/tools/avr8-gnu-toolchain/bin/../lib/gcc/avr/5.4.0/../../../../avr/lib/avr51\libm.a(fp_round.o)
                0x00003860                __fp_round
 .text.avr-libc.fplib
                0x00003882       0x44 c:/adroit/tools/avr8-gnu-toolchain/bin/../lib/gcc/avr/5.4.0/../../../../avr/lib/avr51\libm.a(fp_split3.o)
                0x00003882                __fp_split3
                0x00003892                __fp_splitA
 .text.avr-libc.fplib
                0x000038c6        0xe c:/adroit/tools/avr8-gnu-toolchain/bin/../lib/gcc/avr/5.4.0/../../../../avr/lib/avr51\libm.a(fp_zero.o)
                0x000038c6                __fp_zero
                0x000038c8                __fp_szero
 .text.avr-libc.fplib
                0x000038d4        0xa c:/adroit/tools/avr8-gnu-toolchain/bin/../lib/gcc/avr/5.4.0/../../../../avr/lib/avr51\libm.a(gesf2.o)
                0x000038d4                __gesf2
                0x000038d4                __gtsf2
 .text.avr-libc.fplib
                0x000038de       0x10 c:/adroit/tools/avr8-gnu-toolchain/bin/../lib/gcc/avr/5.4.0/../../../../avr/lib/avr51\libm.a(inverse.o)
                0x000038de                inverse
 .text.avr-libc.fplib
                0x000038ee        0x8 c:/adroit/tools/avr8-gnu-toolchain/bin/../lib/gcc/avr/5.4.0/../../../../avr/lib/avr51\libm.a(mulsf3.o)
                0x000038ee                __mulsf3
 .text.avr-libc.fplib
                0x000038f6       0xd2 c:/adroit/tools/avr8-gnu-toolchain/bin/../lib/gcc/avr/5.4.0/../../../../avr/lib/avr51\libm.a(mulsf3x.o)
                0x00003914                __mulsf3x
                0x0000391a                __mulsf3_pse
 .text.avr-libc.fplib
                0x000039c8        0x8 c:/adroit/tools/avr8-gnu-toolchain/bin/../lib/gcc/avr/5.4.0/../../../../avr/lib/avr51\libm.a(square.o)
                0x000039c8                square
 .text.avr-libc
                0x000039d0      0x242 c:/adroit/tools/avr8-gnu-toolchain/bin/../lib/gcc/avr/5.4.0/../../../../avr/lib/avr51\libc.a(malloc.o)
                0x000039d0                malloc
                0x00003b00                free
 .text.avr-libc
                0x00003c12      0x1ca c:/adroit/tools/avr8-gnu-toolchain/bin/../lib/gcc/avr/5.4.0/../../../../avr/lib/avr51\libc.a(realloc.o)
                0x00003c12                realloc
 .text.avr-libc
                0x00003ddc       0x1a c:/adroit/tools/avr8-gnu-toolchain/bin/../lib/gcc/avr/5.4.0/../../../../avr/lib/avr51\libc.a(memcmp.o)
                0x00003ddc                memcmp
 .text.avr-libc
                0x00003df6       0x12 c:/adroit/tools/avr8-gnu-toolchain/bin/../lib/gcc/avr/5.4.0/../../../../avr/lib/avr51\libc.a(memcpy.o)
                0x00003df6                memcpy
                0x00003e08                . = ALIGN (0x2)
 *(.fini9)
 .fini9         0x00003e08        0x0 c:/adroit/tools/avr8-gnu-toolchain/bin/../lib/gcc/avr/5.4.0/avr51\libgcc.a(_exit.o)
                0x00003e08                _exit
                0x00003e08                exit
 *(.fini9)
 *(.fini8)
 *(.fini8)
 *(.fini7)
 *(.fini7)
 *(.fini6)
 *(.fini6)
 *(.fini5)
 *(.fini5)
 *(.fini4)
 *(.fini4)
 *(.fini3)
 *(.fini3)
 *(.fini2)
 *(.fini2)
 *(.fini1)
 *(.fini1)
 *(.fini0)
 .fini0         0x00003e08        0x4 c:/adroit/tools/avr8-gnu-toolchain/bin/../lib/gcc/avr/5.4.0/avr51\libgcc.a(_exit.o)
 *(.fini0)
                0x00003e0c                _etext = .

.data           0x00800100      0x180 load address 0x00003e0c
                0x00800100                PROVIDE (__data_start, .)
 *(.data)
 .data          0x00800100        0x2 obj\Release\16. Simple Balancing dengan DMP\main.o
 .data          0x00800102        0x6 c:/adroit/tools/avr8-gnu-toolchain/bin/../lib/gcc/avr/5.4.0/../../../../avr/lib/avr51\libc.a(malloc.o)
                0x00800102                __malloc_heap_end
                0x00800104                __malloc_heap_start
                0x00800106                __malloc_margin
 *(.data*)
 *(.gnu.linkonce.d*)
 *(.rodata)
 *(.rodata*)
 .rodata.str1.1
                0x00800108      0x178 obj\Release\16. Simple Balancing dengan DMP\main.o
 *(.gnu.linkonce.r*)
                0x00800280                . = ALIGN (0x2)
                0x00800280                _edata = .
                0x00800280                PROVIDE (__data_end, .)

.bss            0x00800280       0x87
                0x00800280                PROVIDE (__bss_start, .)
 *(.bss)
 .bss           0x00800280       0x83 obj\Release\16. Simple Balancing dengan DMP\main.o
                0x00800280                xxx
                0x00800282                Error
                0x00800286                Balancing
                0x00800288                sensor
                0x00800289                imu
                0x008002d0                i2c
                0x008002d1                adc
                0x008002d2                lcd
                0x008002d3                buzzer
                0x008002d4                roda
                0x008002dc                servo
                0x008002dd                rx_buffer_overflow1
                0x008002de                rx_counter1
                0x008002df                rx_rd_index1
                0x008002e0                rx_wr_index1
                0x008002e1                rx_buffer1
 *(.bss*)
 *(COMMON)
 COMMON         0x00800303        0x4 c:/adroit/tools/avr8-gnu-toolchain/bin/../lib/gcc/avr/5.4.0/../../../../avr/lib/avr51\libc.a(malloc.o)
                0x00800303                __brkval
                0x00800305                __flp
                0x00800307                PROVIDE (__bss_end, .)
                0x00003e0c                __data_load_start = LOADADDR (.data)
                0x00003f8c                __data_load_end = (__data_load_start + SIZEOF (.data))

.noinit         0x00800307        0x0
                [!provide]                PROVIDE (__noinit_start, .)
 *(.noinit*)
                [!provide]                PROVIDE (__noinit_end, .)
                0x00800307                _end = .
                0x00800307                PROVIDE (__heap_start, .)

.eeprom         0x00810000        0x0
 *(.eeprom*)
                0x00810000                __eeprom_end = .

.fuse
 *(.fuse)
 *(.lfuse)
 *(.hfuse)
 *(.efuse)

.lock
 *(.lock*)

.signature
 *(.signature*)

.user_signatures
 *(.user_signatures*)

.stab
 *(.stab)

.stabstr
 *(.stabstr)

.stab.excl
 *(.stab.excl)

.stab.exclstr
 *(.stab.exclstr)

.stab.index
 *(.stab.index)

.stab.indexstr
 *(.stab.indexstr)

.comment        0x00000000       0x30
 *(.comment)
 .comment       0x00000000       0x30 obj\Release\16. Simple Balancing dengan DMP\main.o
                                 0x31 (size before relaxing)
 .comment       0x00000030       0x31 c:/adroit/tools/avr8-gnu-toolchain/bin/../lib/gcc/avr/5.4.0/../../../../avr/lib/avr51\libc.a(malloc.o)
 .comment       0x00000030       0x31 c:/adroit/tools/avr8-gnu-toolchain/bin/../lib/gcc/avr/5.4.0/../../../../avr/lib/avr51\libc.a(realloc.o)

.note.gnu.avr.deviceinfo
                0x00000000       0x3c
 .note.gnu.avr.deviceinfo
                0x00000000       0x3c c:/adroit/tools/avr8-gnu-toolchain/bin/../lib/gcc/avr/5.4.0/../../../../avr/lib/avr51/crtatmega128.o

.note.gnu.build-id
 *(.note.gnu.build-id)

.debug
 *(.debug)

.line
 *(.line)

.debug_srcinfo
 *(.debug_srcinfo)

.debug_sfnames
 *(.debug_sfnames)

.debug_aranges
 *(.debug_aranges)

.debug_pubnames
 *(.debug_pubnames)

.debug_info     0x00000000      0x780
 *(.debug_info .gnu.linkonce.wi.*)
 .debug_info    0x00000000      0x780 c:/adroit/tools/avr8-gnu-toolchain/bin/../lib/gcc/avr/5.4.0/../../../../avr/lib/avr51/crtatmega128.o

.debug_abbrev   0x00000000      0x718
 *(.debug_abbrev)
 .debug_abbrev  0x00000000      0x718 c:/adroit/tools/avr8-gnu-toolchain/bin/../lib/gcc/avr/5.4.0/../../../../avr/lib/avr51/crtatmega128.o

.debug_line     0x00000000       0x1a
 *(.debug_line .debug_line.* .debug_line_end)
 .debug_line    0x00000000       0x1a c:/adroit/tools/avr8-gnu-toolchain/bin/../lib/gcc/avr/5.4.0/../../../../avr/lib/avr51/crtatmega128.o

.debug_frame
 *(.debug_frame)

.debug_str      0x00000000      0x27d
 *(.debug_str)
 .debug_str     0x00000000      0x27d c:/adroit/tools/avr8-gnu-toolchain/bin/../lib/gcc/avr/5.4.0/../../../../avr/lib/avr51/crtatmega128.o

.debug_loc
 *(.debug_loc)

.debug_macinfo
 *(.debug_macinfo)

.debug_weaknames
 *(.debug_weaknames)

.debug_funcnames
 *(.debug_funcnames)

.debug_typenames
 *(.debug_typenames)

.debug_varnames
 *(.debug_varnames)

.debug_pubtypes
 *(.debug_pubtypes)

.debug_ranges
 *(.debug_ranges)

.debug_macro
 *(.debug_macro)
OUTPUT(bin\Release\BalancingDMP.elf elf32-avr)
LOAD linker stubs

Cross Reference Table

Symbol                                            File
Balancing                                         obj\Release\16. Simple Balancing dengan DMP\main.o
Error                                             obj\Release\16. Simple Balancing dengan DMP\main.o
_Z10SystemInitv                                   obj\Release\16. Simple Balancing dengan DMP\main.o
_Z11BacaSerial1j                                  obj\Release\16. Simple Balancing dengan DMP\main.o
_Z12KirimAngka3si                                 obj\Release\16. Simple Balancing dengan DMP\main.o
_Z12KirimAngka3uj                                 obj\Release\16. Simple Balancing dengan DMP\main.o
_Z12KirimAngka4si                                 obj\Release\16. Simple Balancing dengan DMP\main.o
_Z12KirimAngka4ui                                 obj\Release\16. Simple Balancing dengan DMP\main.o
_Z12KirimAngka5si                                 obj\Release\16. Simple Balancing dengan DMP\main.o
_Z12KirimAngka5uj                                 obj\Release\16. Simple Balancing dengan DMP\main.o
_Z4cabsa                                          obj\Release\16. Simple Balancing dengan DMP\main.o
_Z4fabsf                                          obj\Release\16. Simple Balancing dengan DMP\main.o
_Z4iabsi                                          obj\Release\16. Simple Balancing dengan DMP\main.o
_Z7invSqrtf                                       obj\Release\16. Simple Balancing dengan DMP\main.o
_Z7inversef                                       obj\Release\16. Simple Balancing dengan DMP\main.o
_Z8delay_msj                                      obj\Release\16. Simple Balancing dengan DMP\main.o
_Z8getchar1v                                      obj\Release\16. Simple Balancing dengan DMP\main.o
_Z8putchar1a                                      obj\Release\16. Simple Balancing dengan DMP\main.o
_ZN11myBalancing4StopEv                           obj\Release\16. Simple Balancing dengan DMP\main.o
_ZN11myBalancing5StartEv                          obj\Release\16. Simple Balancing dengan DMP\main.o
_ZN11myBalancing7ControlEv                        obj\Release\16. Simple Balancing dengan DMP\main.o
_ZN11myBalancing8SetSpeedEa                       obj\Release\16. Simple Balancing dengan DMP\main.o
_ZN11myBalancing8SetSteerEa                       obj\Release\16. Simple Balancing dengan DMP\main.o
_ZN11myBalancingC1Ev                              obj\Release\16. Simple Balancing dengan DMP\main.o
_ZN11myBalancingC2Ev                              obj\Release\16. Simple Balancing dengan DMP\main.o
_ZN11myScanGaris10Scan2KananEj                    obj\Release\16. Simple Balancing dengan DMP\main.o
_ZN11myScanGaris10Scan3KananEj                    obj\Release\16. Simple Balancing dengan DMP\main.o
_ZN11myScanGaris11Scan3TengahEj                   obj\Release\16. Simple Balancing dengan DMP\main.o
_ZN11myScanGaris11ScanCounterEji                  obj\Release\16. Simple Balancing dengan DMP\main.o
_ZN11myScanGaris12SetArahRobotEh                  obj\Release\16. Simple Balancing dengan DMP\main.o
_ZN11myScanGaris13ScanBelokKiriEjhjhh             obj\Release\16. Simple Balancing dengan DMP\main.o
_ZN11myScanGaris14ScanBelokKananEjhjhh            obj\Release\16. Simple Balancing dengan DMP\main.o
_ZN11myScanGaris15TraceUjungKananEj               obj\Release\16. Simple Balancing dengan DMP\main.o
_ZN11myScanGaris16ScanSampaiSensorEjh             obj\Release\16. Simple Balancing dengan DMP\main.o
_ZN11myScanGaris16ScanSelamaSensorEjh             obj\Release\16. Simple Balancing dengan DMP\main.o
_ZN11myScanGaris17BelokKiriGarisPWMEjj            obj\Release\16. Simple Balancing dengan DMP\main.o
_ZN11myScanGaris17TungguSensorMasukEh             obj\Release\16. Simple Balancing dengan DMP\main.o
_ZN11myScanGaris17UpdateSensorGarisEhh            obj\Release\16. Simple Balancing dengan DMP\main.o
_ZN11myScanGaris18BelokKananGarisPWMEjj           obj\Release\16. Simple Balancing dengan DMP\main.o
_ZN11myScanGaris21TungguSensorKiriBelokEv         obj\Release\16. Simple Balancing dengan DMP\main.o
_ZN11myScanGaris21UpdateSensorPertigaanEhh        obj\Release\16. Simple Balancing dengan DMP\main.o
_ZN11myScanGaris22TungguSensorKananBelokEv        obj\Release\16. Simple Balancing dengan DMP\main.o
_ZN11myScanGaris4ScanEj                           obj\Release\16. Simple Balancing dengan DMP\main.o
_ZN11myScanGaris9CekSensorEhhPh                   obj\Release\16. Simple Balancing dengan DMP\main.o
_ZN11myScanGaris9Scan2KiriEj                      obj\Release\16. Simple Balancing dengan DMP\main.o
_ZN11myScanGaris9Scan3KiriEj                      obj\Release\16. Simple Balancing dengan DMP\main.o
_ZN11myScanGarisC1Ev                              obj\Release\16. Simple Balancing dengan DMP\main.o
_ZN11myScanGarisC2Ev                              obj\Release\16. Simple Balancing dengan DMP\main.o
_ZN13mySensorGaris11KalibrasiRBEh                 obj\Release\16. Simple Balancing dengan DMP\main.o
_ZN13mySensorGaris11PesanSensorEv                 obj\Release\16. Simple Balancing dengan DMP\main.o
_ZN13mySensorGaris12KalibrasiRGBEh                obj\Release\16. Simple Balancing dengan DMP\main.o
_ZN13mySensorGaris19PesanKalibrasiGagalEv         obj\Release\16. Simple Balancing dengan DMP\main.o
_ZN13mySensorGaris21TungguTombolKalibrasiEhh      obj\Release\16. Simple Balancing dengan DMP\main.o
_ZN13mySensorGaris22PesanKalibrasiBerhasilEv      obj\Release\16. Simple Balancing dengan DMP\main.o
_ZN13mySensorGaris9BacaGarisEhh                   obj\Release\16. Simple Balancing dengan DMP\main.o
_ZN5myADC10BacaBatereEv                           obj\Release\16. Simple Balancing dengan DMP\main.o
_ZN5myADC4BacaEh                                  obj\Release\16. Simple Balancing dengan DMP\main.o
_ZN5myADC9CekBatereEv                             obj\Release\16. Simple Balancing dengan DMP\main.o
_ZN5myADCC1Ev                                     obj\Release\16. Simple Balancing dengan DMP\main.o
_ZN5myADCC2Ev                                     obj\Release\16. Simple Balancing dengan DMP\main.o
_ZN5myDMP14dmpGetGyroDataEv                       obj\Release\16. Simple Balancing dengan DMP\main.o
_ZN5myDMP21dmpGetQuaternion16BitEv                obj\Release\16. Simple Balancing dengan DMP\main.o
_ZN5myDMP21dmpGetQuaternion32BitEv                obj\Release\16. Simple Balancing dengan DMP\main.o
_ZN5myDMP4InitEv                                  obj\Release\16. Simple Balancing dengan DMP\main.o
_ZN5myDMP6getYawEv                                obj\Release\16. Simple Balancing dengan DMP\main.o
_ZN5myDMP7InitDMPEv                               obj\Release\16. Simple Balancing dengan DMP\main.o
_ZN5myDMP7getRollEv                               obj\Release\16. Simple Balancing dengan DMP\main.o
_ZN5myDMP8getPitchEv                              obj\Release\16. Simple Balancing dengan DMP\main.o
_ZN5myI2C10Start_WaitEh                           obj\Release\16. Simple Balancing dengan DMP\main.o
_ZN5myI2C10WriteBytesEhhhPh                       obj\Release\16. Simple Balancing dengan DMP\main.o
_ZN5myI2C4InitEv                                  obj\Release\16. Simple Balancing dengan DMP\main.o
_ZN5myI2C4StopEv                                  obj\Release\16. Simple Balancing dengan DMP\main.o
_ZN5myI2C5StartEh                                 obj\Release\16. Simple Balancing dengan DMP\main.o
_ZN5myI2C5WriteEh                                 obj\Release\16. Simple Balancing dengan DMP\main.o
_ZN5myI2C7ReadAckEv                               obj\Release\16. Simple Balancing dengan DMP\main.o
_ZN5myI2C7ReadBitEhhhPh                           obj\Release\16. Simple Balancing dengan DMP\main.o
_ZN5myI2C7ReadNakEv                               obj\Release\16. Simple Balancing dengan DMP\main.o
_ZN5myI2C8ReadBitsEhhhhPh                         obj\Release\16. Simple Balancing dengan DMP\main.o
_ZN5myI2C8ReadByteEhhPh                           obj\Release\16. Simple Balancing dengan DMP\main.o
_ZN5myI2C8ReadWordEhhP9Data16Bit                  obj\Release\16. Simple Balancing dengan DMP\main.o
_ZN5myI2C8WriteBitEhhhh                           obj\Release\16. Simple Balancing dengan DMP\main.o
_ZN5myI2C9ReadBytesEhhhPh                         obj\Release\16. Simple Balancing dengan DMP\main.o
_ZN5myI2C9Rep_StartEh                             obj\Release\16. Simple Balancing dengan DMP\main.o
_ZN5myI2C9WriteBitsEhhhhh                         obj\Release\16. Simple Balancing dengan DMP\main.o
_ZN5myI2C9WriteByteEhhh                           obj\Release\16. Simple Balancing dengan DMP\main.o
_ZN5myI2C9WriteWordEhhi                           obj\Release\16. Simple Balancing dengan DMP\main.o
_ZN5myLCD10HapusBarisEh                           obj\Release\16. Simple Balancing dengan DMP\main.o
_ZN5myLCD10HapusKananEh                           obj\Release\16. Simple Balancing dengan DMP\main.o
_ZN5myLCD10TulisKananEhPKc                        obj\Release\16. Simple Balancing dengan DMP\main.o
_ZN5myLCD11HapusTengahEh                          obj\Release\16. Simple Balancing dengan DMP\main.o
_ZN5myLCD11TulisTengahEhPKc                       obj\Release\16. Simple Balancing dengan DMP\main.o
_ZN5myLCD12HapusPinggirEh                         obj\Release\16. Simple Balancing dengan DMP\main.o
_ZN5myLCD12TulisPinggirEhPKc                      obj\Release\16. Simple Balancing dengan DMP\main.o
_ZN5myLCD4DataEh                                  obj\Release\16. Simple Balancing dengan DMP\main.o
_ZN5myLCD4InitEv                                  obj\Release\16. Simple Balancing dengan DMP\main.o
_ZN5myLCD4TextEPKc                                obj\Release\16. Simple Balancing dengan DMP\main.o
_ZN5myLCD5BinerEh                                 obj\Release\16. Simple Balancing dengan DMP\main.o
_ZN5myLCD5FloatEfh                                obj\Release\16. Simple Balancing dengan DMP\main.o
_ZN5myLCD5HapusEv                                 obj\Release\16. Simple Balancing dengan DMP\main.o
_ZN5myLCD5TulisEhPKc                              obj\Release\16. Simple Balancing dengan DMP\main.o
_ZN5myLCD5sByteEa                                 obj\Release\16. Simple Balancing dengan DMP\main.o
_ZN5myLCD5uByteEh                                 obj\Release\16. Simple Balancing dengan DMP\main.o
_ZN5myLCD6Angka3Ei                                obj\Release\16. Simple Balancing dengan DMP\main.o
_ZN5myLCD6Angka4Ei                                obj\Release\16. Simple Balancing dengan DMP\main.o
_ZN5myLCD6Angka5Ei                                obj\Release\16. Simple Balancing dengan DMP\main.o
_ZN5myLCD6GotoXYEhh                               obj\Release\16. Simple Balancing dengan DMP\main.o
_ZN5myLCD7Angka3uEj                               obj\Release\16. Simple Balancing dengan DMP\main.o
_ZN5myLCD7Angka4uEj                               obj\Release\16. Simple Balancing dengan DMP\main.o
_ZN5myLCD7Angka5uEj                               obj\Release\16. Simple Balancing dengan DMP\main.o
_ZN5myLCD7InitCmdEh                               obj\Release\16. Simple Balancing dengan DMP\main.o
_ZN5myLCD8PerintahEh                              obj\Release\16. Simple Balancing dengan DMP\main.o
_ZN5myLCD9BackLightEh                             obj\Release\16. Simple Balancing dengan DMP\main.o
_ZN5myLCD9HapusKiriEh                             obj\Release\16. Simple Balancing dengan DMP\main.o
_ZN5myLCD9TulisKiriEhPKc                          obj\Release\16. Simple Balancing dengan DMP\main.o
_ZN7MPU605010initializeEv                         obj\Release\16. Simple Balancing dengan DMP\main.o
_ZN7MPU605011getDHPFModeEv                        obj\Release\16. Simple Balancing dengan DMP\main.o
_ZN7MPU605011getDLPFModeEv                        obj\Release\16. Simple Balancing dengan DMP\main.o
_ZN7MPU605011getDeviceIDEv                        obj\Release\16. Simple Balancing dengan DMP\main.o
_ZN7MPU605011getFIFOByteEv                        obj\Release\16. Simple Balancing dengan DMP\main.o
_ZN7MPU605011getRotationEPiS0_S0_                 obj\Release\16. Simple Balancing dengan DMP\main.o
_ZN7MPU605011setDHPFModeEh                        obj\Release\16. Simple Balancing dengan DMP\main.o
_ZN7MPU605011setDLPFModeEh                        obj\Release\16. Simple Balancing dengan DMP\main.o
_ZN7MPU605011setDeviceIDEh                        obj\Release\16. Simple Balancing dengan DMP\main.o
_ZN7MPU605011setFIFOByteEh                        obj\Release\16. Simple Balancing dengan DMP\main.o
_ZN7MPU605012getFIFOBytesEPhh                     obj\Release\16. Simple Balancing dengan DMP\main.o
_ZN7MPU605012getFIFOCountEv                       obj\Release\16. Simple Balancing dengan DMP\main.o
_ZN7MPU605012getIntStatusEv                       obj\Release\16. Simple Balancing dengan DMP\main.o
_ZN7MPU605012getRotationXEv                       obj\Release\16. Simple Balancing dengan DMP\main.o
_ZN7MPU605012getRotationYEv                       obj\Release\16. Simple Balancing dengan DMP\main.o
_ZN7MPU605012getRotationZEv                       obj\Release\16. Simple Balancing dengan DMP\main.o
_ZN7MPU605012getXFineGainEv                       obj\Release\16. Simple Balancing dengan DMP\main.o
_ZN7MPU605012getYFineGainEv                       obj\Release\16. Simple Balancing dengan DMP\main.o
_ZN7MPU605012getZFineGainEv                       obj\Release\16. Simple Balancing dengan DMP\main.o
_ZN7MPU605012resetSensorsEv                       obj\Release\16. Simple Balancing dengan DMP\main.o
_ZN7MPU605012setXFineGainEa                       obj\Release\16. Simple Balancing dengan DMP\main.o
_ZN7MPU605012setYFineGainEa                       obj\Release\16. Simple Balancing dengan DMP\main.o
_ZN7MPU605012setZFineGainEa                       obj\Release\16. Simple Balancing dengan DMP\main.o
_ZN7MPU605013getDMPConfig1Ev                      obj\Release\16. Simple Balancing dengan DMP\main.o
_ZN7MPU605013getDMPConfig2Ev                      obj\Release\16. Simple Balancing dengan DMP\main.o
_ZN7MPU605013getDMPEnabledEv                      obj\Release\16. Simple Balancing dengan DMP\main.o
_ZN7MPU605013getIntEnabledEv                      obj\Release\16. Simple Balancing dengan DMP\main.o
_ZN7MPU605013getSlave0NackEv                      obj\Release\16. Simple Balancing dengan DMP\main.o
_ZN7MPU605013getSlave1NackEv                      obj\Release\16. Simple Balancing dengan DMP\main.o
_ZN7MPU605013getSlave2NackEv                      obj\Release\16. Simple Balancing dengan DMP\main.o
_ZN7MPU605013getSlave3NackEv                      obj\Release\16. Simple Balancing dengan DMP\main.o
_ZN7MPU605013getSlave4NackEv                      obj\Release\16. Simple Balancing dengan DMP\main.o
_ZN7MPU605013setDMPConfig1Eh                      obj\Release\16. Simple Balancing dengan DMP\main.o
_ZN7MPU605013setDMPConfig2Eh                      obj\Release\16. Simple Balancing dengan DMP\main.o
_ZN7MPU605013setDMPEnabledEh                      obj\Release\16. Simple Balancing dengan DMP\main.o
_ZN7MPU605013setIntEnabledEh                      obj\Release\16. Simple Balancing dengan DMP\main.o
_ZN7MPU605013setMemoryBankEhhh                    obj\Release\16. Simple Balancing dengan DMP\main.o
_ZN7MPU605014getClockSourceEv                     obj\Release\16. Simple Balancing dengan DMP\main.o
_ZN7MPU605014getFIFOEnabledEv                     obj\Release\16. Simple Balancing dengan DMP\main.o
_ZN7MPU605014getTemperatureEv                     obj\Release\16. Simple Balancing dengan DMP\main.o
_ZN7MPU605014getXGyroOffsetEv                     obj\Release\16. Simple Balancing dengan DMP\main.o
_ZN7MPU605014getYGyroOffsetEv                     obj\Release\16. Simple Balancing dengan DMP\main.o
_ZN7MPU605014getZGyroOffsetEv                     obj\Release\16. Simple Balancing dengan DMP\main.o
_ZN7MPU605014readMemoryByteEv                     obj\Release\16. Simple Balancing dengan DMP\main.o
_ZN7MPU605014resetI2CMasterEv                     obj\Release\16. Simple Balancing dengan DMP\main.o
_ZN7MPU605014setClockSourceEh                     obj\Release\16. Simple Balancing dengan DMP\main.o
_ZN7MPU605014setFIFOEnabledEh                     obj\Release\16. Simple Balancing dengan DMP\main.o
_ZN7MPU605014setXGyroOffsetEi                     obj\Release\16. Simple Balancing dengan DMP\main.o
_ZN7MPU605014setYGyroOffsetEi                     obj\Release\16. Simple Balancing dengan DMP\main.o
_ZN7MPU605014setZGyroOffsetEi                     obj\Release\16. Simple Balancing dengan DMP\main.o
_ZN7MPU605014testConnectionEv                     obj\Release\16. Simple Balancing dengan DMP\main.o
_ZN7MPU605015getAccelerationEPiS0_S0_             obj\Release\16. Simple Balancing dengan DMP\main.o
_ZN7MPU605015getIntDMPStatusEv                    obj\Release\16. Simple Balancing dengan DMP\main.o
_ZN7MPU605015getOTPBankValidEv                    obj\Release\16. Simple Balancing dengan DMP\main.o
_ZN7MPU605015getSlave4IsDoneEv                    obj\Release\16. Simple Balancing dengan DMP\main.o
_ZN7MPU605015getSlaveAddressEh                    obj\Release\16. Simple Balancing dengan DMP\main.o
_ZN7MPU605015getSlaveEnabledEh                    obj\Release\16. Simple Balancing dengan DMP\main.o
_ZN7MPU605015getSleepEnabledEv                    obj\Release\16. Simple Balancing dengan DMP\main.o
_ZN7MPU605015getXAccelOffsetEv                    obj\Release\16. Simple Balancing dengan DMP\main.o
_ZN7MPU605015getYAccelOffsetEv                    obj\Release\16. Simple Balancing dengan DMP\main.o
_ZN7MPU605015getZAccelOffsetEv                    obj\Release\16. Simple Balancing dengan DMP\main.o
_ZN7MPU605015readMemoryBlockEPhjhh                obj\Release\16. Simple Balancing dengan DMP\main.o
_ZN7MPU605015setOTPBankValidEh                    obj\Release\16. Simple Balancing dengan DMP\main.o
_ZN7MPU605015setSlaveAddressEhh                   obj\Release\16. Simple Balancing dengan DMP\main.o
_ZN7MPU605015setSlaveEnabledEhh                   obj\Release\16. Simple Balancing dengan DMP\main.o
_ZN7MPU605015setSleepEnabledEh                    obj\Release\16. Simple Balancing dengan DMP\main.o
_ZN7MPU605015setXAccelOffsetEi                    obj\Release\16. Simple Balancing dengan DMP\main.o
_ZN7MPU605015setYAccelOffsetEi                    obj\Release\16. Simple Balancing dengan DMP\main.o
_ZN7MPU605015setZAccelOffsetEi                    obj\Release\16. Simple Balancing dengan DMP\main.o
_ZN7MPU605015writeMemoryByteEh                    obj\Release\16. Simple Balancing dengan DMP\main.o
_ZN7MPU605016getAccelerationXEv                   obj\Release\16. Simple Balancing dengan DMP\main.o
_ZN7MPU605016getAccelerationYEv                   obj\Release\16. Simple Balancing dengan DMP\main.o
_ZN7MPU605016getAccelerationZEv                   obj\Release\16. Simple Balancing dengan DMP\main.o
_ZN7MPU605016getAuxVDDIOLevelEv                   obj\Release\16. Simple Balancing dengan DMP\main.o
_ZN7MPU605016getDMPInt0StatusEv                   obj\Release\16. Simple Balancing dengan DMP\main.o
_ZN7MPU605016getDMPInt1StatusEv                   obj\Release\16. Simple Balancing dengan DMP\main.o
_ZN7MPU605016getDMPInt2StatusEv                   obj\Release\16. Simple Balancing dengan DMP\main.o
_ZN7MPU605016getDMPInt3StatusEv                   obj\Release\16. Simple Balancing dengan DMP\main.o
_ZN7MPU605016getDMPInt4StatusEv                   obj\Release\16. Simple Balancing dengan DMP\main.o
_ZN7MPU605016getDMPInt5StatusEv                   obj\Release\16. Simple Balancing dengan DMP\main.o
_ZN7MPU605016getIntDMPEnabledEv                   obj\Release\16. Simple Balancing dengan DMP\main.o
_ZN7MPU605016getInterruptModeEv                   obj\Release\16. Simple Balancing dengan DMP\main.o
_ZN7MPU605016getSlave4AddressEv                   obj\Release\16. Simple Balancing dengan DMP\main.o
_ZN7MPU605016getSlave4EnabledEv                   obj\Release\16. Simple Balancing dengan DMP\main.o
_ZN7MPU605016getSlaveRegisterEh                   obj\Release\16. Simple Balancing dengan DMP\main.o
_ZN7MPU605016getWakeFrequencyEv                   obj\Release\16. Simple Balancing dengan DMP\main.o
_ZN7MPU605016getXGyroOffsetTCEv                   obj\Release\16. Simple Balancing dengan DMP\main.o
_ZN7MPU605016getYGyroOffsetTCEv                   obj\Release\16. Simple Balancing dengan DMP\main.o
_ZN7MPU605016getZGyroOffsetTCEv                   obj\Release\16. Simple Balancing dengan DMP\main.o
_ZN7MPU605016setAuxVDDIOLevelEh                   obj\Release\16. Simple Balancing dengan DMP\main.o
_ZN7MPU605016setIntDMPEnabledEh                   obj\Release\16. Simple Balancing dengan DMP\main.o
_ZN7MPU605016setInterruptModeEh                   obj\Release\16. Simple Balancing dengan DMP\main.o
_ZN7MPU605016setSlave4AddressEh                   obj\Release\16. Simple Balancing dengan DMP\main.o
_ZN7MPU605016setSlave4EnabledEh                   obj\Release\16. Simple Balancing dengan DMP\main.o
_ZN7MPU605016setSlaveRegisterEhh                  obj\Release\16. Simple Balancing dengan DMP\main.o
_ZN7MPU605016setWakeFrequencyEh                   obj\Release\16. Simple Balancing dengan DMP\main.o
_ZN7MPU605016setXGyroOffsetTCEa                   obj\Release\16. Simple Balancing dengan DMP\main.o
_ZN7MPU605016setYGyroOffsetTCEa                   obj\Release\16. Simple Balancing dengan DMP\main.o
_ZN7MPU605016setZGyroOffsetTCEa                   obj\Release\16. Simple Balancing dengan DMP\main.o
_ZN7MPU605016switchSPIEnabledEh                   obj\Release\16. Simple Balancing dengan DMP\main.o
_ZN7MPU605016writeMemoryBlockEPKhjhhhh            obj\Release\16. Simple Balancing dengan DMP\main.o
_ZN7MPU605017getAccelXSelfTestEv                  obj\Release\16. Simple Balancing dengan DMP\main.o
_ZN7MPU605017getAccelYSelfTestEv                  obj\Release\16. Simple Balancing dengan DMP\main.o
_ZN7MPU605017getAccelZSelfTestEv                  obj\Release\16. Simple Balancing dengan DMP\main.o
_ZN7MPU605017getInterruptDriveEv                  obj\Release\16. Simple Balancing dengan DMP\main.o
_ZN7MPU605017getInterruptLatchEv                  obj\Release\16. Simple Balancing dengan DMP\main.o
_ZN7MPU605017getSlave4RegisterEv                  obj\Release\16. Simple Balancing dengan DMP\main.o
_ZN7MPU605017getSlaveWriteModeEh                  obj\Release\16. Simple Balancing dengan DMP\main.o
_ZN7MPU605017setAccelXSelfTestEh                  obj\Release\16. Simple Balancing dengan DMP\main.o
_ZN7MPU605017setAccelYSelfTestEh                  obj\Release\16. Simple Balancing dengan DMP\main.o
_ZN7MPU605017setAccelZSelfTestEh                  obj\Release\16. Simple Balancing dengan DMP\main.o
_ZN7MPU605017setInterruptDriveEh                  obj\Release\16. Simple Balancing dengan DMP\main.o
_ZN7MPU605017setInterruptLatchEh                  obj\Release\16. Simple Balancing dengan DMP\main.o
_ZN7MPU605017setSlave4RegisterEh                  obj\Release\16. Simple Balancing dengan DMP\main.o
_ZN7MPU605017setSlaveWriteModeEhh                 obj\Release\16. Simple Balancing dengan DMP\main.o
_ZN7MPU605018getIntMotionStatusEv                 obj\Release\16. Simple Balancing dengan DMP\main.o
_ZN7MPU605018getLostArbitrationEv                 obj\Release\16. Simple Balancing dengan DMP\main.o
_ZN7MPU605018getSlate4InputByteEv                 obj\Release\16. Simple Balancing dengan DMP\main.o
_ZN7MPU605018getSlave4WriteModeEv                 obj\Release\16. Simple Balancing dengan DMP\main.o
_ZN7MPU605018getSlaveDataLengthEh                 obj\Release\16. Simple Balancing dengan DMP\main.o
_ZN7MPU605018getTempFIFOEnabledEv                 obj\Release\16. Simple Balancing dengan DMP\main.o
_ZN7MPU605018resetGyroscopePathEv                 obj\Release\16. Simple Balancing dengan DMP\main.o
_ZN7MPU605018setSlave4WriteModeEh                 obj\Release\16. Simple Balancing dengan DMP\main.o
_ZN7MPU605018setSlaveDataLengthEhh                obj\Release\16. Simple Balancing dengan DMP\main.o
_ZN7MPU605018setSlaveOutputByteEhh                obj\Release\16. Simple Balancing dengan DMP\main.o
_ZN7MPU605018setTempFIFOEnabledEh                 obj\Release\16. Simple Balancing dengan DMP\main.o
_ZN7MPU605019getAccelFIFOEnabledEv                obj\Release\16. Simple Balancing dengan DMP\main.o
_ZN7MPU605019getI2CBypassEnabledEv                obj\Release\16. Simple Balancing dengan DMP\main.o
_ZN7MPU605019getIntMotionEnabledEv                obj\Release\16. Simple Balancing dengan DMP\main.o
_ZN7MPU605019getMasterClockSpeedEv                obj\Release\16. Simple Balancing dengan DMP\main.o
_ZN7MPU605019getWakeCycleEnabledEv                obj\Release\16. Simple Balancing dengan DMP\main.o
_ZN7MPU605019getXGyroFIFOEnabledEv                obj\Release\16. Simple Balancing dengan DMP\main.o
_ZN7MPU605019getYGyroFIFOEnabledEv                obj\Release\16. Simple Balancing dengan DMP\main.o
_ZN7MPU605019getZGyroFIFOEnabledEv                obj\Release\16. Simple Balancing dengan DMP\main.o
_ZN7MPU605019setAccelFIFOEnabledEh                obj\Release\16. Simple Balancing dengan DMP\main.o
_ZN7MPU605019setI2CBypassEnabledEh                obj\Release\16. Simple Balancing dengan DMP\main.o
_ZN7MPU605019setIntMotionEnabledEh                obj\Release\16. Simple Balancing dengan DMP\main.o
_ZN7MPU605019setMasterClockSpeedEh                obj\Release\16. Simple Balancing dengan DMP\main.o
_ZN7MPU605019setSlave4OutputByteEh                obj\Release\16. Simple Balancing dengan DMP\main.o
_ZN7MPU605019setWakeCycleEnabledEh                obj\Release\16. Simple Balancing dengan DMP\main.o
_ZN7MPU605019setXGyroFIFOEnabledEh                obj\Release\16. Simple Balancing dengan DMP\main.o
_ZN7MPU605019setYGyroFIFOEnabledEh                obj\Release\16. Simple Balancing dengan DMP\main.o
_ZN7MPU605019setZGyroFIFOEnabledEh                obj\Release\16. Simple Balancing dengan DMP\main.o
_ZN7MPU605020getExternalFrameSyncEv               obj\Release\16. Simple Balancing dengan DMP\main.o
_ZN7MPU605020getIntFreefallStatusEv               obj\Release\16. Simple Balancing dengan DMP\main.o
_ZN7MPU605020getIntPLLReadyStatusEv               obj\Release\16. Simple Balancing dengan DMP\main.o
_ZN7MPU605020getPassthroughStatusEv               obj\Release\16. Simple Balancing dengan DMP\main.o
_ZN7MPU605020getSlave0FIFOEnabledEv               obj\Release\16. Simple Balancing dengan DMP\main.o
_ZN7MPU605020getSlave1FIFOEnabledEv               obj\Release\16. Simple Balancing dengan DMP\main.o
_ZN7MPU605020getSlave2FIFOEnabledEv               obj\Release\16. Simple Balancing dengan DMP\main.o
_ZN7MPU605020getSlave3FIFOEnabledEv               obj\Release\16. Simple Balancing dengan DMP\main.o
_ZN7MPU605020getSlave4MasterDelayEv               obj\Release\16. Simple Balancing dengan DMP\main.o
_ZN7MPU605020getSlaveDelayEnabledEh               obj\Release\16. Simple Balancing dengan DMP\main.o
_ZN7MPU605020getSlaveWordByteSwapEh               obj\Release\16. Simple Balancing dengan DMP\main.o
_ZN7MPU605020getTempSensorEnabledEv               obj\Release\16. Simple Balancing dengan DMP\main.o
_ZN7MPU605020resetTemperaturePathEv               obj\Release\16. Simple Balancing dengan DMP\main.o
_ZN7MPU605020setExternalFrameSyncEh               obj\Release\16. Simple Balancing dengan DMP\main.o
_ZN7MPU605020setSlave0FIFOEnabledEh               obj\Release\16. Simple Balancing dengan DMP\main.o
_ZN7MPU605020setSlave1FIFOEnabledEh               obj\Release\16. Simple Balancing dengan DMP\main.o
_ZN7MPU605020setSlave2FIFOEnabledEh               obj\Release\16. Simple Balancing dengan DMP\main.o
_ZN7MPU605020setSlave3FIFOEnabledEh               obj\Release\16. Simple Balancing dengan DMP\main.o
_ZN7MPU605020setSlave4MasterDelayEh               obj\Release\16. Simple Balancing dengan DMP\main.o
_ZN7MPU605020setSlaveDelayEnabledEhh              obj\Release\16. Simple Balancing dengan DMP\main.o
_ZN7MPU605020setSlaveWordByteSwapEhh              obj\Release\16. Simple Balancing dengan DMP\main.o
_ZN7MPU605020setTempSensorEnabledEh               obj\Release\16. Simple Balancing dengan DMP\main.o
_ZN7MPU605020writeProgMemoryBlockEPKhjhhh         obj\Release\16. Simple Balancing dengan DMP\main.o
_ZN7MPU605021getClockOutputEnabledEv              obj\Release\16. Simple Balancing dengan DMP\main.o
_ZN7MPU605021getExternalSensorByteEi              obj\Release\16. Simple Balancing dengan DMP\main.o
_ZN7MPU605021getExternalSensorWordEi              obj\Release\16. Simple Balancing dengan DMP\main.o
_ZN7MPU605021getFullScaleGyroRangeEv              obj\Release\16. Simple Balancing dengan DMP\main.o
_ZN7MPU605021getIntDataReadyStatusEv              obj\Release\16. Simple Balancing dengan DMP\main.o
_ZN7MPU605021getIntFreefallEnabledEv              obj\Release\16. Simple Balancing dengan DMP\main.o
_ZN7MPU605021getIntI2CMasterStatusEv              obj\Release\16. Simple Balancing dengan DMP\main.o
_ZN7MPU605021getIntPLLReadyEnabledEv              obj\Release\16. Simple Balancing dengan DMP\main.o
_ZN7MPU605021getMultiMasterEnabledEv              obj\Release\16. Simple Balancing dengan DMP\main.o
_ZN7MPU605021getXNegMotionDetectedEv              obj\Release\16. Simple Balancing dengan DMP\main.o
_ZN7MPU605021getXPosMotionDetectedEv              obj\Release\16. Simple Balancing dengan DMP\main.o
_ZN7MPU605021getYNegMotionDetectedEv              obj\Release\16. Simple Balancing dengan DMP\main.o
_ZN7MPU605021getYPosMotionDetectedEv              obj\Release\16. Simple Balancing dengan DMP\main.o
_ZN7MPU605021getZNegMotionDetectedEv              obj\Release\16. Simple Balancing dengan DMP\main.o
_ZN7MPU605021getZPosMotionDetectedEv              obj\Release\16. Simple Balancing dengan DMP\main.o
_ZN7MPU605021getZeroMotionDetectedEv              obj\Release\16. Simple Balancing dengan DMP\main.o
_ZN7MPU605021setClockOutputEnabledEh              obj\Release\16. Simple Balancing dengan DMP\main.o
_ZN7MPU605021setFullScaleGyroRangeEh              obj\Release\16. Simple Balancing dengan DMP\main.o
_ZN7MPU605021setIntFreefallEnabledEh              obj\Release\16. Simple Balancing dengan DMP\main.o
_ZN7MPU605021setIntPLLReadyEnabledEh              obj\Release\16. Simple Balancing dengan DMP\main.o
_ZN7MPU605021setMemoryStartAddressEh              obj\Release\16. Simple Balancing dengan DMP\main.o
_ZN7MPU605021setMultiMasterEnabledEh              obj\Release\16. Simple Balancing dengan DMP\main.o
_ZN7MPU605022getExternalSensorDWordEi             obj\Release\16. Simple Balancing dengan DMP\main.o
_ZN7MPU605022getFSyncInterruptLevelEv             obj\Release\16. Simple Balancing dengan DMP\main.o
_ZN7MPU605022getFullScaleAccelRangeEv             obj\Release\16. Simple Balancing dengan DMP\main.o
_ZN7MPU605022getIntDataReadyEnabledEv             obj\Release\16. Simple Balancing dengan DMP\main.o
_ZN7MPU605022getIntI2CMasterEnabledEv             obj\Release\16. Simple Balancing dengan DMP\main.o
_ZN7MPU605022getIntZeroMotionStatusEv             obj\Release\16. Simple Balancing dengan DMP\main.o
_ZN7MPU605022getInterruptLatchClearEv             obj\Release\16. Simple Balancing dengan DMP\main.o
_ZN7MPU605022getStandbyXGyroEnabledEv             obj\Release\16. Simple Balancing dengan DMP\main.o
_ZN7MPU605022getStandbyYGyroEnabledEv             obj\Release\16. Simple Balancing dengan DMP\main.o
_ZN7MPU605022getStandbyZGyroEnabledEv             obj\Release\16. Simple Balancing dengan DMP\main.o
_ZN7MPU605022resetAccelerometerPathEv             obj\Release\16. Simple Balancing dengan DMP\main.o
_ZN7MPU605022setFSyncInterruptLevelEh             obj\Release\16. Simple Balancing dengan DMP\main.o
_ZN7MPU605022setFullScaleAccelRangeEh             obj\Release\16. Simple Balancing dengan DMP\main.o
_ZN7MPU605022setIntDataReadyEnabledEh             obj\Release\16. Simple Balancing dengan DMP\main.o
_ZN7MPU605022setIntI2CMasterEnabledEh             obj\Release\16. Simple Balancing dengan DMP\main.o
_ZN7MPU605022setInterruptLatchClearEh             obj\Release\16. Simple Balancing dengan DMP\main.o
_ZN7MPU605022setStandbyXGyroEnabledEh             obj\Release\16. Simple Balancing dengan DMP\main.o
_ZN7MPU605022setStandbyYGyroEnabledEh             obj\Release\16. Simple Balancing dengan DMP\main.o
_ZN7MPU605022setStandbyZGyroEnabledEh             obj\Release\16. Simple Balancing dengan DMP\main.o
_ZN7MPU605023getI2CMasterModeEnabledEv            obj\Release\16. Simple Balancing dengan DMP\main.o
_ZN7MPU605023getIntZeroMotionEnabledEv            obj\Release\16. Simple Balancing dengan DMP\main.o
_ZN7MPU605023getSlaveWordGroupOffsetEh            obj\Release\16. Simple Balancing dengan DMP\main.o
_ZN7MPU605023getStandbyXAccelEnabledEv            obj\Release\16. Simple Balancing dengan DMP\main.o
_ZN7MPU605023getStandbyYAccelEnabledEv            obj\Release\16. Simple Balancing dengan DMP\main.o
_ZN7MPU605023getStandbyZAccelEnabledEv            obj\Release\16. Simple Balancing dengan DMP\main.o
_ZN7MPU605023setI2CMasterModeEnabledEh            obj\Release\16. Simple Balancing dengan DMP\main.o
_ZN7MPU605023setIntZeroMotionEnabledEh            obj\Release\16. Simple Balancing dengan DMP\main.o
_ZN7MPU605023setSlaveWordGroupOffsetEhh           obj\Release\16. Simple Balancing dengan DMP\main.o
_ZN7MPU605023setStandbyXAccelEnabledEh            obj\Release\16. Simple Balancing dengan DMP\main.o
_ZN7MPU605023setStandbyYAccelEnabledEh            obj\Release\16. Simple Balancing dengan DMP\main.o
_ZN7MPU605023setStandbyZAccelEnabledEh            obj\Release\16. Simple Balancing dengan DMP\main.o
_ZN7MPU605024getFSyncInterruptEnabledEv           obj\Release\16. Simple Balancing dengan DMP\main.o
_ZN7MPU605024setFSyncInterruptEnabledEh           obj\Release\16. Simple Balancing dengan DMP\main.o
_ZN7MPU605024writeDMPConfigurationSetEPKhjh       obj\Release\16. Simple Balancing dengan DMP\main.o
_ZN7MPU605025getSlave4InterruptEnabledEv          obj\Release\16. Simple Balancing dengan DMP\main.o
_ZN7MPU605025setSlave4InterruptEnabledEh          obj\Release\16. Simple Balancing dengan DMP\main.o
_ZN7MPU605026getMotionDetectionDurationEv         obj\Release\16. Simple Balancing dengan DMP\main.o
_ZN7MPU605026setMotionDetectionDurationEh         obj\Release\16. Simple Balancing dengan DMP\main.o
_ZN7MPU605027getMotionDetectionThresholdEv        obj\Release\16. Simple Balancing dengan DMP\main.o
_ZN7MPU605027setMotionDetectionThresholdEh        obj\Release\16. Simple Balancing dengan DMP\main.o
_ZN7MPU605028getAccelerometerPowerOnDelayEv       obj\Release\16. Simple Balancing dengan DMP\main.o
_ZN7MPU605028getFreefallDetectionDurationEv       obj\Release\16. Simple Balancing dengan DMP\main.o
_ZN7MPU605028setAccelerometerPowerOnDelayEh       obj\Release\16. Simple Balancing dengan DMP\main.o
_ZN7MPU605028setFreefallDetectionDurationEh       obj\Release\16. Simple Balancing dengan DMP\main.o
_ZN7MPU605028writeProgDMPConfigurationSetEPKhj    obj\Release\16. Simple Balancing dengan DMP\main.o
_ZN7MPU605029getExternalShadowDelayEnabledEv      obj\Release\16. Simple Balancing dengan DMP\main.o
_ZN7MPU605029getFreefallDetectionThresholdEv      obj\Release\16. Simple Balancing dengan DMP\main.o
_ZN7MPU605029setExternalShadowDelayEnabledEh      obj\Release\16. Simple Balancing dengan DMP\main.o
_ZN7MPU605029setFreefallDetectionThresholdEh      obj\Release\16. Simple Balancing dengan DMP\main.o
_ZN7MPU605030getIntFIFOBufferOverflowStatusEv     obj\Release\16. Simple Balancing dengan DMP\main.o
_ZN7MPU605030getZeroMotionDetectionDurationEv     obj\Release\16. Simple Balancing dengan DMP\main.o
_ZN7MPU605030setZeroMotionDetectionDurationEh     obj\Release\16. Simple Balancing dengan DMP\main.o
_ZN7MPU605031getIntFIFOBufferOverflowEnabledEv    obj\Release\16. Simple Balancing dengan DMP\main.o
_ZN7MPU605031getWaitForExternalSensorEnabledEv    obj\Release\16. Simple Balancing dengan DMP\main.o
_ZN7MPU605031getZeroMotionDetectionThresholdEv    obj\Release\16. Simple Balancing dengan DMP\main.o
_ZN7MPU605031setIntFIFOBufferOverflowEnabledEh    obj\Release\16. Simple Balancing dengan DMP\main.o
_ZN7MPU605031setWaitForExternalSensorEnabledEh    obj\Release\16. Simple Balancing dengan DMP\main.o
_ZN7MPU605031setZeroMotionDetectionThresholdEh    obj\Release\16. Simple Balancing dengan DMP\main.o
_ZN7MPU605034getMotionDetectionCounterDecrementEv obj\Release\16. Simple Balancing dengan DMP\main.o
_ZN7MPU605034getSlaveReadWriteTransitionEnabledEv obj\Release\16. Simple Balancing dengan DMP\main.o
_ZN7MPU605034setMotionDetectionCounterDecrementEh obj\Release\16. Simple Balancing dengan DMP\main.o
_ZN7MPU605034setSlaveReadWriteTransitionEnabledEh obj\Release\16. Simple Balancing dengan DMP\main.o
_ZN7MPU605036getFreefallDetectionCounterDecrementEv obj\Release\16. Simple Balancing dengan DMP\main.o
_ZN7MPU605036setFreefallDetectionCounterDecrementEh obj\Release\16. Simple Balancing dengan DMP\main.o
_ZN7MPU60505resetEv                               obj\Release\16. Simple Balancing dengan DMP\main.o
_ZN7MPU60507getRateEv                             obj\Release\16. Simple Balancing dengan DMP\main.o
_ZN7MPU60507setRateEh                             obj\Release\16. Simple Balancing dengan DMP\main.o
_ZN7MPU60508resetDMPEv                            obj\Release\16. Simple Balancing dengan DMP\main.o
_ZN7MPU60509resetFIFOEv                           obj\Release\16. Simple Balancing dengan DMP\main.o
_ZN7MPU6050C1Eh                                   obj\Release\16. Simple Balancing dengan DMP\main.o
_ZN7MPU6050C1Ev                                   obj\Release\16. Simple Balancing dengan DMP\main.o
_ZN7MPU6050C2Eh                                   obj\Release\16. Simple Balancing dengan DMP\main.o
_ZN7MPU6050C2Ev                                   obj\Release\16. Simple Balancing dengan DMP\main.o
_ZN7myMotor4StopEv                                obj\Release\16. Simple Balancing dengan DMP\main.o
_ZN7myMotor8SpeedPWMEii                           obj\Release\16. Simple Balancing dengan DMP\main.o
_ZN7myMotorC1Ev                                   obj\Release\16. Simple Balancing dengan DMP\main.o
_ZN7myMotorC2Ev                                   obj\Release\16. Simple Balancing dengan DMP\main.o
_ZN7myServo11HitungSudutEh                        obj\Release\16. Simple Balancing dengan DMP\main.o
_ZN7myServo12HitungSudut2Eh                       obj\Release\16. Simple Balancing dengan DMP\main.o
_ZN7myServoC1Ev                                   obj\Release\16. Simple Balancing dengan DMP\main.o
_ZN7myServoC2Ev                                   obj\Release\16. Simple Balancing dengan DMP\main.o
_ZN8myAdroit12PutarKiriPWMEjj                     obj\Release\16. Simple Balancing dengan DMP\main.o
_ZN8myAdroit13PutarKananPWMEjj                    obj\Release\16. Simple Balancing dengan DMP\main.o
_ZN8myAdroit4StopEv                               obj\Release\16. Simple Balancing dengan DMP\main.o
_ZN8myAdroit7MajuPWMEjj                           obj\Release\16. Simple Balancing dengan DMP\main.o
_ZN8myAdroit9MundurPWMEjj                         obj\Release\16. Simple Balancing dengan DMP\main.o
_ZN8myBuzzer12SetFrekwensiEj                      obj\Release\16. Simple Balancing dengan DMP\main.o
_ZN8myBuzzer3OffEv                                obj\Release\16. Simple Balancing dengan DMP\main.o
_ZN8myBuzzer4BeepEjj                              obj\Release\16. Simple Balancing dengan DMP\main.o
_ZN8myBuzzer5Nada1Ev                              obj\Release\16. Simple Balancing dengan DMP\main.o
_ZN8myBuzzer5Nada2Ev                              obj\Release\16. Simple Balancing dengan DMP\main.o
_ZN8myBuzzer5Nada3Ev                              obj\Release\16. Simple Balancing dengan DMP\main.o
_ZN8myBuzzer5Nada4Ev                              obj\Release\16. Simple Balancing dengan DMP\main.o
_ZN8myBuzzer9NadaErrorEv                          obj\Release\16. Simple Balancing dengan DMP\main.o
__FUSE_REGION_LENGTH__                            c:/adroit/tools/avr8-gnu-toolchain/bin/../lib/gcc/avr/5.4.0/../../../../avr/lib/avr51/crtatmega128.o
__addsf3                                          c:/adroit/tools/avr8-gnu-toolchain/bin/../lib/gcc/avr/5.4.0/../../../../avr/lib/avr51\libm.a(addsf3.o)
                                                  c:/adroit/tools/avr8-gnu-toolchain/bin/../lib/gcc/avr/5.4.0/../../../../avr/lib/avr51\libm.a(atan2.o)
                                                  obj\Release\16. Simple Balancing dengan DMP\main.o
__addsf3x                                         c:/adroit/tools/avr8-gnu-toolchain/bin/../lib/gcc/avr/5.4.0/../../../../avr/lib/avr51\libm.a(addsf3x.o)
                                                  c:/adroit/tools/avr8-gnu-toolchain/bin/../lib/gcc/avr/5.4.0/../../../../avr/lib/avr51\libm.a(fp_powser.o)
                                                  c:/adroit/tools/avr8-gnu-toolchain/bin/../lib/gcc/avr/5.4.0/../../../../avr/lib/avr51\libm.a(atan.o)
                                                  c:/adroit/tools/avr8-gnu-toolchain/bin/../lib/gcc/avr/5.4.0/../../../../avr/lib/avr51\libm.a(addsf3.o)
__bad_interrupt                                   c:/adroit/tools/avr8-gnu-toolchain/bin/../lib/gcc/avr/5.4.0/../../../../avr/lib/avr51/crtatmega128.o
__brkval                                          c:/adroit/tools/avr8-gnu-toolchain/bin/../lib/gcc/avr/5.4.0/../../../../avr/lib/avr51\libc.a(malloc.o)
                                                  c:/adroit/tools/avr8-gnu-toolchain/bin/../lib/gcc/avr/5.4.0/../../../../avr/lib/avr51\libc.a(realloc.o)
__bss_end                                         c:/adroit/tools/avr8-gnu-toolchain/bin/../lib/gcc/avr/5.4.0/avr51\libgcc.a(_clear_bss.o)
__bss_start                                       c:/adroit/tools/avr8-gnu-toolchain/bin/../lib/gcc/avr/5.4.0/avr51\libgcc.a(_clear_bss.o)
__bswapsi2                                        c:/adroit/tools/avr8-gnu-toolchain/bin/../lib/gcc/avr/5.4.0/avr51\libgcc.a(_bswapsi2.o)
                                                  obj\Release\16. Simple Balancing dengan DMP\main.o
__cmpsf2                                          c:/adroit/tools/avr8-gnu-toolchain/bin/../lib/gcc/avr/5.4.0/../../../../avr/lib/avr51\libm.a(cmpsf2.o)
__ctors_end                                       c:/adroit/tools/avr8-gnu-toolchain/bin/../lib/gcc/avr/5.4.0/avr51\libgcc.a(_ctors.o)
__ctors_start                                     c:/adroit/tools/avr8-gnu-toolchain/bin/../lib/gcc/avr/5.4.0/avr51\libgcc.a(_ctors.o)
__data_end                                        c:/adroit/tools/avr8-gnu-toolchain/bin/../lib/gcc/avr/5.4.0/avr51\libgcc.a(_copy_data.o)
__data_load_start                                 c:/adroit/tools/avr8-gnu-toolchain/bin/../lib/gcc/avr/5.4.0/avr51\libgcc.a(_copy_data.o)
__data_start                                      c:/adroit/tools/avr8-gnu-toolchain/bin/../lib/gcc/avr/5.4.0/avr51\libgcc.a(_copy_data.o)
__divmodhi4                                       c:/adroit/tools/avr8-gnu-toolchain/bin/../lib/gcc/avr/5.4.0/avr51\libgcc.a(_divmodhi4.o)
                                                  obj\Release\16. Simple Balancing dengan DMP\main.o
__divsf3                                          c:/adroit/tools/avr8-gnu-toolchain/bin/../lib/gcc/avr/5.4.0/../../../../avr/lib/avr51\libm.a(divsf3.o)
                                                  c:/adroit/tools/avr8-gnu-toolchain/bin/../lib/gcc/avr/5.4.0/../../../../avr/lib/avr51\libm.a(inverse.o)
                                                  obj\Release\16. Simple Balancing dengan DMP\main.o
__divsf3_pse                                      c:/adroit/tools/avr8-gnu-toolchain/bin/../lib/gcc/avr/5.4.0/../../../../avr/lib/avr51\libm.a(divsf3x.o)
                                                  c:/adroit/tools/avr8-gnu-toolchain/bin/../lib/gcc/avr/5.4.0/../../../../avr/lib/avr51\libm.a(atan2.o)
__divsf3x                                         c:/adroit/tools/avr8-gnu-toolchain/bin/../lib/gcc/avr/5.4.0/../../../../avr/lib/avr51\libm.a(divsf3x.o)
                                                  c:/adroit/tools/avr8-gnu-toolchain/bin/../lib/gcc/avr/5.4.0/../../../../avr/lib/avr51\libm.a(divsf3.o)
__do_clear_bss                                    c:/adroit/tools/avr8-gnu-toolchain/bin/../lib/gcc/avr/5.4.0/avr51\libgcc.a(_clear_bss.o)
                                                  c:/adroit/tools/avr8-gnu-toolchain/bin/../lib/gcc/avr/5.4.0/../../../../avr/lib/avr51\libc.a(malloc.o)
                                                  obj\Release\16. Simple Balancing dengan DMP\main.o
__do_copy_data                                    c:/adroit/tools/avr8-gnu-toolchain/bin/../lib/gcc/avr/5.4.0/avr51\libgcc.a(_copy_data.o)
                                                  c:/adroit/tools/avr8-gnu-toolchain/bin/../lib/gcc/avr/5.4.0/../../../../avr/lib/avr51\libc.a(malloc.o)
                                                  obj\Release\16. Simple Balancing dengan DMP\main.o
__do_global_ctors                                 c:/adroit/tools/avr8-gnu-toolchain/bin/../lib/gcc/avr/5.4.0/avr51\libgcc.a(_ctors.o)
                                                  obj\Release\16. Simple Balancing dengan DMP\main.o
__eqsf2                                           c:/adroit/tools/avr8-gnu-toolchain/bin/../lib/gcc/avr/5.4.0/../../../../avr/lib/avr51\libm.a(cmpsf2.o)
__fixsfsi                                         c:/adroit/tools/avr8-gnu-toolchain/bin/../lib/gcc/avr/5.4.0/../../../../avr/lib/avr51\libm.a(fixsfsi.o)
                                                  obj\Release\16. Simple Balancing dengan DMP\main.o
__fixunssfsi                                      c:/adroit/tools/avr8-gnu-toolchain/bin/../lib/gcc/avr/5.4.0/../../../../avr/lib/avr51\libm.a(fixunssfsi.o)
                                                  c:/adroit/tools/avr8-gnu-toolchain/bin/../lib/gcc/avr/5.4.0/../../../../avr/lib/avr51\libm.a(fixsfsi.o)
                                                  obj\Release\16. Simple Balancing dengan DMP\main.o
__floatsisf                                       c:/adroit/tools/avr8-gnu-toolchain/bin/../lib/gcc/avr/5.4.0/../../../../avr/lib/avr51\libm.a(floatsisf.o)
                                                  obj\Release\16. Simple Balancing dengan DMP\main.o
__floatunsisf                                     c:/adroit/tools/avr8-gnu-toolchain/bin/../lib/gcc/avr/5.4.0/../../../../avr/lib/avr51\libm.a(floatsisf.o)
__flp                                             c:/adroit/tools/avr8-gnu-toolchain/bin/../lib/gcc/avr/5.4.0/../../../../avr/lib/avr51\libc.a(malloc.o)
                                                  c:/adroit/tools/avr8-gnu-toolchain/bin/../lib/gcc/avr/5.4.0/../../../../avr/lib/avr51\libc.a(realloc.o)
__fp_cmp                                          c:/adroit/tools/avr8-gnu-toolchain/bin/../lib/gcc/avr/5.4.0/../../../../avr/lib/avr51\libm.a(fp_cmp.o)
                                                  c:/adroit/tools/avr8-gnu-toolchain/bin/../lib/gcc/avr/5.4.0/../../../../avr/lib/avr51\libm.a(gesf2.o)
                                                  c:/adroit/tools/avr8-gnu-toolchain/bin/../lib/gcc/avr/5.4.0/../../../../avr/lib/avr51\libm.a(cmpsf2.o)
__fp_inf                                          c:/adroit/tools/avr8-gnu-toolchain/bin/../lib/gcc/avr/5.4.0/../../../../avr/lib/avr51\libm.a(fp_inf.o)
                                                  c:/adroit/tools/avr8-gnu-toolchain/bin/../lib/gcc/avr/5.4.0/../../../../avr/lib/avr51\libm.a(mulsf3x.o)
                                                  c:/adroit/tools/avr8-gnu-toolchain/bin/../lib/gcc/avr/5.4.0/../../../../avr/lib/avr51\libm.a(divsf3x.o)
                                                  c:/adroit/tools/avr8-gnu-toolchain/bin/../lib/gcc/avr/5.4.0/../../../../avr/lib/avr51\libm.a(addsf3x.o)
__fp_nan                                          c:/adroit/tools/avr8-gnu-toolchain/bin/../lib/gcc/avr/5.4.0/../../../../avr/lib/avr51\libm.a(fp_nan.o)
                                                  c:/adroit/tools/avr8-gnu-toolchain/bin/../lib/gcc/avr/5.4.0/../../../../avr/lib/avr51\libm.a(mulsf3x.o)
                                                  c:/adroit/tools/avr8-gnu-toolchain/bin/../lib/gcc/avr/5.4.0/../../../../avr/lib/avr51\libm.a(divsf3x.o)
                                                  c:/adroit/tools/avr8-gnu-toolchain/bin/../lib/gcc/avr/5.4.0/../../../../avr/lib/avr51\libm.a(atan2.o)
                                                  c:/adroit/tools/avr8-gnu-toolchain/bin/../lib/gcc/avr/5.4.0/../../../../avr/lib/avr51\libm.a(addsf3x.o)
__fp_powser                                       c:/adroit/tools/avr8-gnu-toolchain/bin/../lib/gcc/avr/5.4.0/../../../../avr/lib/avr51\libm.a(fp_powser.o)
                                                  c:/adroit/tools/avr8-gnu-toolchain/bin/../lib/gcc/avr/5.4.0/../../../../avr/lib/avr51\libm.a(atan.o)
__fp_pscA                                         c:/adroit/tools/avr8-gnu-toolchain/bin/../lib/gcc/avr/5.4.0/../../../../avr/lib/avr51\libm.a(fp_pscA.o)
                                                  c:/adroit/tools/avr8-gnu-toolchain/bin/../lib/gcc/avr/5.4.0/../../../../avr/lib/avr51\libm.a(mulsf3x.o)
                                                  c:/adroit/tools/avr8-gnu-toolchain/bin/../lib/gcc/avr/5.4.0/../../../../avr/lib/avr51\libm.a(divsf3x.o)
                                                  c:/adroit/tools/avr8-gnu-toolchain/bin/../lib/gcc/avr/5.4.0/../../../../avr/lib/avr51\libm.a(atan2.o)
                                                  c:/adroit/tools/avr8-gnu-toolchain/bin/../lib/gcc/avr/5.4.0/../../../../avr/lib/avr51\libm.a(addsf3x.o)
__fp_pscB                                         c:/adroit/tools/avr8-gnu-toolchain/bin/../lib/gcc/avr/5.4.0/../../../../avr/lib/avr51\libm.a(fp_pscB.o)
                                                  c:/adroit/tools/avr8-gnu-toolchain/bin/../lib/gcc/avr/5.4.0/../../../../avr/lib/avr51\libm.a(mulsf3x.o)
                                                  c:/adroit/tools/avr8-gnu-toolchain/bin/../lib/gcc/avr/5.4.0/../../../../avr/lib/avr51\libm.a(divsf3x.o)
                                                  c:/adroit/tools/avr8-gnu-toolchain/bin/../lib/gcc/avr/5.4.0/../../../../avr/lib/avr51\libm.a(atan2.o)
                                                  c:/adroit/tools/avr8-gnu-toolchain/bin/../lib/gcc/avr/5.4.0/../../../../avr/lib/avr51\libm.a(addsf3x.o)
__fp_round                                        c:/adroit/tools/avr8-gnu-toolchain/bin/../lib/gcc/avr/5.4.0/../../../../avr/lib/avr51\libm.a(fp_round.o)
                                                  c:/adroit/tools/avr8-gnu-toolchain/bin/../lib/gcc/avr/5.4.0/../../../../avr/lib/avr51\libm.a(mulsf3.o)
                                                  c:/adroit/tools/avr8-gnu-toolchain/bin/../lib/gcc/avr/5.4.0/../../../../avr/lib/avr51\libm.a(divsf3.o)
                                                  c:/adroit/tools/avr8-gnu-toolchain/bin/../lib/gcc/avr/5.4.0/../../../../avr/lib/avr51\libm.a(atan.o)
                                                  c:/adroit/tools/avr8-gnu-toolchain/bin/../lib/gcc/avr/5.4.0/../../../../avr/lib/avr51\libm.a(atan2.o)
                                                  c:/adroit/tools/avr8-gnu-toolchain/bin/../lib/gcc/avr/5.4.0/../../../../avr/lib/avr51\libm.a(addsf3.o)
__fp_split3                                       c:/adroit/tools/avr8-gnu-toolchain/bin/../lib/gcc/avr/5.4.0/../../../../avr/lib/avr51\libm.a(fp_split3.o)
                                                  c:/adroit/tools/avr8-gnu-toolchain/bin/../lib/gcc/avr/5.4.0/../../../../avr/lib/avr51\libm.a(mulsf3x.o)
                                                  c:/adroit/tools/avr8-gnu-toolchain/bin/../lib/gcc/avr/5.4.0/../../../../avr/lib/avr51\libm.a(divsf3x.o)
                                                  c:/adroit/tools/avr8-gnu-toolchain/bin/../lib/gcc/avr/5.4.0/../../../../avr/lib/avr51\libm.a(atan2.o)
                                                  c:/adroit/tools/avr8-gnu-toolchain/bin/../lib/gcc/avr/5.4.0/../../../../avr/lib/avr51\libm.a(addsf3x.o)
__fp_splitA                                       c:/adroit/tools/avr8-gnu-toolchain/bin/../lib/gcc/avr/5.4.0/../../../../avr/lib/avr51\libm.a(fp_split3.o)
                                                  c:/adroit/tools/avr8-gnu-toolchain/bin/../lib/gcc/avr/5.4.0/../../../../avr/lib/avr51\libm.a(fixunssfsi.o)
__fp_szero                                        c:/adroit/tools/avr8-gnu-toolchain/bin/../lib/gcc/avr/5.4.0/../../../../avr/lib/avr51\libm.a(fp_zero.o)
                                                  c:/adroit/tools/avr8-gnu-toolchain/bin/../lib/gcc/avr/5.4.0/../../../../avr/lib/avr51\libm.a(mulsf3x.o)
                                                  c:/adroit/tools/avr8-gnu-toolchain/bin/../lib/gcc/avr/5.4.0/../../../../avr/lib/avr51\libm.a(fixsfsi.o)
                                                  c:/adroit/tools/avr8-gnu-toolchain/bin/../lib/gcc/avr/5.4.0/../../../../avr/lib/avr51\libm.a(divsf3x.o)
__fp_zero                                         c:/adroit/tools/avr8-gnu-toolchain/bin/../lib/gcc/avr/5.4.0/../../../../avr/lib/avr51\libm.a(fp_zero.o)
                                                  c:/adroit/tools/avr8-gnu-toolchain/bin/../lib/gcc/avr/5.4.0/../../../../avr/lib/avr51\libm.a(fixunssfsi.o)
                                                  c:/adroit/tools/avr8-gnu-toolchain/bin/../lib/gcc/avr/5.4.0/../../../../avr/lib/avr51\libm.a(atan2.o)
                                                  c:/adroit/tools/avr8-gnu-toolchain/bin/../lib/gcc/avr/5.4.0/../../../../avr/lib/avr51\libm.a(addsf3x.o)
__gesf2                                           c:/adroit/tools/avr8-gnu-toolchain/bin/../lib/gcc/avr/5.4.0/../../../../avr/lib/avr51\libm.a(gesf2.o)
__gtsf2                                           c:/adroit/tools/avr8-gnu-toolchain/bin/../lib/gcc/avr/5.4.0/../../../../avr/lib/avr51\libm.a(gesf2.o)
                                                  obj\Release\16. Simple Balancing dengan DMP\main.o
__heap_end                                        c:/adroit/tools/avr8-gnu-toolchain/bin/../lib/gcc/avr/5.4.0/../../../../avr/lib/avr51/crtatmega128.o
                                                  c:/adroit/tools/avr8-gnu-toolchain/bin/../lib/gcc/avr/5.4.0/../../../../avr/lib/avr51\libc.a(malloc.o)
__heap_start                                      c:/adroit/tools/avr8-gnu-toolchain/bin/../lib/gcc/avr/5.4.0/../../../../avr/lib/avr51\libc.a(malloc.o)
__init                                            c:/adroit/tools/avr8-gnu-toolchain/bin/../lib/gcc/avr/5.4.0/../../../../avr/lib/avr51/crtatmega128.o
__lesf2                                           c:/adroit/tools/avr8-gnu-toolchain/bin/../lib/gcc/avr/5.4.0/../../../../avr/lib/avr51\libm.a(cmpsf2.o)
__ltsf2                                           c:/adroit/tools/avr8-gnu-toolchain/bin/../lib/gcc/avr/5.4.0/../../../../avr/lib/avr51\libm.a(cmpsf2.o)
                                                  obj\Release\16. Simple Balancing dengan DMP\main.o
__malloc_heap_end                                 c:/adroit/tools/avr8-gnu-toolchain/bin/../lib/gcc/avr/5.4.0/../../../../avr/lib/avr51\libc.a(malloc.o)
                                                  c:/adroit/tools/avr8-gnu-toolchain/bin/../lib/gcc/avr/5.4.0/../../../../avr/lib/avr51\libc.a(realloc.o)
__malloc_heap_start                               c:/adroit/tools/avr8-gnu-toolchain/bin/../lib/gcc/avr/5.4.0/../../../../avr/lib/avr51\libc.a(malloc.o)
__malloc_margin                                   c:/adroit/tools/avr8-gnu-toolchain/bin/../lib/gcc/avr/5.4.0/../../../../avr/lib/avr51\libc.a(malloc.o)
                                                  c:/adroit/tools/avr8-gnu-toolchain/bin/../lib/gcc/avr/5.4.0/../../../../avr/lib/avr51\libc.a(realloc.o)
__mulsf3                                          c:/adroit/tools/avr8-gnu-toolchain/bin/../lib/gcc/avr/5.4.0/../../../../avr/lib/avr51\libm.a(mulsf3.o)
                                                  c:/adroit/tools/avr8-gnu-toolchain/bin/../lib/gcc/avr/5.4.0/../../../../avr/lib/avr51\libm.a(square.o)
                                                  obj\Release\16. Simple Balancing dengan DMP\main.o
__mulsf3_pse                                      c:/adroit/tools/avr8-gnu-toolchain/bin/../lib/gcc/avr/5.4.0/../../../../avr/lib/avr51\libm.a(mulsf3x.o)
__mulsf3x                                         c:/adroit/tools/avr8-gnu-toolchain/bin/../lib/gcc/avr/5.4.0/../../../../avr/lib/avr51\libm.a(mulsf3x.o)
                                                  c:/adroit/tools/avr8-gnu-toolchain/bin/../lib/gcc/avr/5.4.0/../../../../avr/lib/avr51\libm.a(mulsf3.o)
                                                  c:/adroit/tools/avr8-gnu-toolchain/bin/../lib/gcc/avr/5.4.0/../../../../avr/lib/avr51\libm.a(fp_powser.o)
                                                  c:/adroit/tools/avr8-gnu-toolchain/bin/../lib/gcc/avr/5.4.0/../../../../avr/lib/avr51\libm.a(atan.o)
__nesf2                                           c:/adroit/tools/avr8-gnu-toolchain/bin/../lib/gcc/avr/5.4.0/../../../../avr/lib/avr51\libm.a(cmpsf2.o)
__stack                                           c:/adroit/tools/avr8-gnu-toolchain/bin/../lib/gcc/avr/5.4.0/../../../../avr/lib/avr51/crtatmega128.o
__subsf3                                          c:/adroit/tools/avr8-gnu-toolchain/bin/../lib/gcc/avr/5.4.0/../../../../avr/lib/avr51\libm.a(addsf3.o)
                                                  obj\Release\16. Simple Balancing dengan DMP\main.o
__tablejump2__                                    c:/adroit/tools/avr8-gnu-toolchain/bin/../lib/gcc/avr/5.4.0/avr51\libgcc.a(_tablejump2.o)
                                                  c:/adroit/tools/avr8-gnu-toolchain/bin/../lib/gcc/avr/5.4.0/avr51\libgcc.a(_ctors.o)
__udivmodhi4                                      c:/adroit/tools/avr8-gnu-toolchain/bin/../lib/gcc/avr/5.4.0/avr51\libgcc.a(_udivmodhi4.o)
                                                  c:/adroit/tools/avr8-gnu-toolchain/bin/../lib/gcc/avr/5.4.0/avr51\libgcc.a(_divmodhi4.o)
                                                  obj\Release\16. Simple Balancing dengan DMP\main.o
__udivmodsi4                                      c:/adroit/tools/avr8-gnu-toolchain/bin/../lib/gcc/avr/5.4.0/avr51\libgcc.a(_udivmodsi4.o)
                                                  obj\Release\16. Simple Balancing dengan DMP\main.o
__umulhisi3                                       c:/adroit/tools/avr8-gnu-toolchain/bin/../lib/gcc/avr/5.4.0/avr51\libgcc.a(_umulhisi3.o)
                                                  obj\Release\16. Simple Balancing dengan DMP\main.o
__vector_1                                        c:/adroit/tools/avr8-gnu-toolchain/bin/../lib/gcc/avr/5.4.0/../../../../avr/lib/avr51/crtatmega128.o
__vector_10                                       c:/adroit/tools/avr8-gnu-toolchain/bin/../lib/gcc/avr/5.4.0/../../../../avr/lib/avr51/crtatmega128.o
__vector_11                                       obj\Release\16. Simple Balancing dengan DMP\main.o
                                                  c:/adroit/tools/avr8-gnu-toolchain/bin/../lib/gcc/avr/5.4.0/../../../../avr/lib/avr51/crtatmega128.o
__vector_12                                       c:/adroit/tools/avr8-gnu-toolchain/bin/../lib/gcc/avr/5.4.0/../../../../avr/lib/avr51/crtatmega128.o
__vector_13                                       c:/adroit/tools/avr8-gnu-toolchain/bin/../lib/gcc/avr/5.4.0/../../../../avr/lib/avr51/crtatmega128.o
__vector_14                                       obj\Release\16. Simple Balancing dengan DMP\main.o
                                                  c:/adroit/tools/avr8-gnu-toolchain/bin/../lib/gcc/avr/5.4.0/../../../../avr/lib/avr51/crtatmega128.o
__vector_15                                       c:/adroit/tools/avr8-gnu-toolchain/bin/../lib/gcc/avr/5.4.0/../../../../avr/lib/avr51/crtatmega128.o
__vector_16                                       c:/adroit/tools/avr8-gnu-toolchain/bin/../lib/gcc/avr/5.4.0/../../../../avr/lib/avr51/crtatmega128.o
__vector_17                                       c:/adroit/tools/avr8-gnu-toolchain/bin/../lib/gcc/avr/5.4.0/../../../../avr/lib/avr51/crtatmega128.o
__vector_18                                       c:/adroit/tools/avr8-gnu-toolchain/bin/../lib/gcc/avr/5.4.0/../../../../avr/lib/avr51/crtatmega128.o
__vector_19                                       c:/adroit/tools/avr8-gnu-toolchain/bin/../lib/gcc/avr/5.4.0/../../../../avr/lib/avr51/crtatmega128.o
__vector_2                                        c:/adroit/tools/avr8-gnu-toolchain/bin/../lib/gcc/avr/5.4.0/../../../../avr/lib/avr51/crtatmega128.o
__vector_20                                       c:/adroit/tools/avr8-gnu-toolchain/bin/../lib/gcc/avr/5.4.0/../../../../avr/lib/avr51/crtatmega128.o
__vector_21                                       c:/adroit/tools/avr8-gnu-toolchain/bin/../lib/gcc/avr/5.4.0/../../../../avr/lib/avr51/crtatmega128.o
__vector_22                                       c:/adroit/tools/avr8-gnu-toolchain/bin/../lib/gcc/avr/5.4.0/../../../../avr/lib/avr51/crtatmega128.o
__vector_23                                       c:/adroit/tools/avr8-gnu-toolchain/bin/../lib/gcc/avr/5.4.0/../../../../avr/lib/avr51/crtatmega128.o
__vector_24                                       c:/adroit/tools/avr8-gnu-toolchain/bin/../lib/gcc/avr/5.4.0/../../../../avr/lib/avr51/crtatmega128.o
__vector_25                                       c:/adroit/tools/avr8-gnu-toolchain/bin/../lib/gcc/avr/5.4.0/../../../../avr/lib/avr51/crtatmega128.o
__vector_26                                       c:/adroit/tools/avr8-gnu-toolchain/bin/../lib/gcc/avr/5.4.0/../../../../avr/lib/avr51/crtatmega128.o
__vector_27                                       c:/adroit/tools/avr8-gnu-toolchain/bin/../lib/gcc/avr/5.4.0/../../../../avr/lib/avr51/crtatmega128.o
__vector_28                                       obj\Release\16. Simple Balancing dengan DMP\main.o
                                                  c:/adroit/tools/avr8-gnu-toolchain/bin/../lib/gcc/avr/5.4.0/../../../../avr/lib/avr51/crtatmega128.o
__vector_29                                       c:/adroit/tools/avr8-gnu-toolchain/bin/../lib/gcc/avr/5.4.0/../../../../avr/lib/avr51/crtatmega128.o
__vector_3                                        c:/adroit/tools/avr8-gnu-toolchain/bin/../lib/gcc/avr/5.4.0/../../../../avr/lib/avr51/crtatmega128.o
__vector_30                                       obj\Release\16. Simple Balancing dengan DMP\main.o
                                                  c:/adroit/tools/avr8-gnu-toolchain/bin/../lib/gcc/avr/5.4.0/../../../../avr/lib/avr51/crtatmega128.o
__vector_31                                       c:/adroit/tools/avr8-gnu-toolchain/bin/../lib/gcc/avr/5.4.0/../../../../avr/lib/avr51/crtatmega128.o
__vector_32                                       c:/adroit/tools/avr8-gnu-toolchain/bin/../lib/gcc/avr/5.4.0/../../../../avr/lib/avr51/crtatmega128.o
__vector_33                                       c:/adroit/tools/avr8-gnu-toolchain/bin/../lib/gcc/avr/5.4.0/../../../../avr/lib/avr51/crtatmega128.o
__vector_34                                       c:/adroit/tools/avr8-gnu-toolchain/bin/../lib/gcc/avr/5.4.0/../../../../avr/lib/avr51/crtatmega128.o
__vector_4                                        c:/adroit/tools/avr8-gnu-toolchain/bin/../lib/gcc/avr/5.4.0/../../../../avr/lib/avr51/crtatmega128.o
__vector_5                                        c:/adroit/tools/avr8-gnu-toolchain/bin/../lib/gcc/avr/5.4.0/../../../../avr/lib/avr51/crtatmega128.o
__vector_6                                        c:/adroit/tools/avr8-gnu-toolchain/bin/../lib/gcc/avr/5.4.0/../../../../avr/lib/avr51/crtatmega128.o
__vector_7                                        obj\Release\16. Simple Balancing dengan DMP\main.o
                                                  c:/adroit/tools/avr8-gnu-toolchain/bin/../lib/gcc/avr/5.4.0/../../../../avr/lib/avr51/crtatmega128.o
__vector_8                                        obj\Release\16. Simple Balancing dengan DMP\main.o
                                                  c:/adroit/tools/avr8-gnu-toolchain/bin/../lib/gcc/avr/5.4.0/../../../../avr/lib/avr51/crtatmega128.o
__vector_9                                        obj\Release\16. Simple Balancing dengan DMP\main.o
                                                  c:/adroit/tools/avr8-gnu-toolchain/bin/../lib/gcc/avr/5.4.0/../../../../avr/lib/avr51/crtatmega128.o
__vector_default                                  c:/adroit/tools/avr8-gnu-toolchain/bin/../lib/gcc/avr/5.4.0/../../../../avr/lib/avr51/crtatmega128.o
__vectors                                         c:/adroit/tools/avr8-gnu-toolchain/bin/../lib/gcc/avr/5.4.0/../../../../avr/lib/avr51/crtatmega128.o
_div                                              c:/adroit/tools/avr8-gnu-toolchain/bin/../lib/gcc/avr/5.4.0/avr51\libgcc.a(_divmodhi4.o)
_exit                                             c:/adroit/tools/avr8-gnu-toolchain/bin/../lib/gcc/avr/5.4.0/avr51\libgcc.a(_exit.o)
adc                                               obj\Release\16. Simple Balancing dengan DMP\main.o
atan                                              c:/adroit/tools/avr8-gnu-toolchain/bin/../lib/gcc/avr/5.4.0/../../../../avr/lib/avr51\libm.a(atan.o)
                                                  c:/adroit/tools/avr8-gnu-toolchain/bin/../lib/gcc/avr/5.4.0/../../../../avr/lib/avr51\libm.a(atan2.o)
atan2                                             c:/adroit/tools/avr8-gnu-toolchain/bin/../lib/gcc/avr/5.4.0/../../../../avr/lib/avr51\libm.a(atan2.o)
                                                  obj\Release\16. Simple Balancing dengan DMP\main.o
buzzer                                            obj\Release\16. Simple Balancing dengan DMP\main.o
exit                                              c:/adroit/tools/avr8-gnu-toolchain/bin/../lib/gcc/avr/5.4.0/avr51\libgcc.a(_exit.o)
                                                  c:/adroit/tools/avr8-gnu-toolchain/bin/../lib/gcc/avr/5.4.0/../../../../avr/lib/avr51/crtatmega128.o
free                                              c:/adroit/tools/avr8-gnu-toolchain/bin/../lib/gcc/avr/5.4.0/../../../../avr/lib/avr51\libc.a(malloc.o)
                                                  c:/adroit/tools/avr8-gnu-toolchain/bin/../lib/gcc/avr/5.4.0/../../../../avr/lib/avr51\libc.a(realloc.o)
                                                  obj\Release\16. Simple Balancing dengan DMP\main.o
i2c                                               obj\Release\16. Simple Balancing dengan DMP\main.o
imu                                               obj\Release\16. Simple Balancing dengan DMP\main.o
inverse                                           c:/adroit/tools/avr8-gnu-toolchain/bin/../lib/gcc/avr/5.4.0/../../../../avr/lib/avr51\libm.a(inverse.o)
                                                  c:/adroit/tools/avr8-gnu-toolchain/bin/../lib/gcc/avr/5.4.0/../../../../avr/lib/avr51\libm.a(atan.o)
lcd                                               obj\Release\16. Simple Balancing dengan DMP\main.o
main                                              obj\Release\16. Simple Balancing dengan DMP\main.o
                                                  c:/adroit/tools/avr8-gnu-toolchain/bin/../lib/gcc/avr/5.4.0/../../../../avr/lib/avr51/crtatmega128.o
malloc                                            c:/adroit/tools/avr8-gnu-toolchain/bin/../lib/gcc/avr/5.4.0/../../../../avr/lib/avr51\libc.a(malloc.o)