Archive member included because of file (symbol)

c:/program files (x86)/mhv avr tools/bin/../lib/gcc/avr/4.7.2/avr4\libgcc.a(_exit.o)
                              c:/program files (x86)/mhv avr tools/bin/../lib/gcc/avr/4.7.2/../../../../avr/lib/avr4/crtm8535.o (exit)

Discarded input sections

 .bss           0x00000000        0x0 c:/program files (x86)/mhv avr tools/bin/../lib/gcc/avr/4.7.2/../../../../avr/lib/avr4/crtm8535.o
 .text          0x00000000        0x0 obj\Debug\main.o
 .bss           0x00000000        0x0 obj\Debug\main.o
 .text          0x00000000        0x0 c:/program files (x86)/mhv avr tools/bin/../lib/gcc/avr/4.7.2/avr4\libgcc.a(_exit.o)
 .bss           0x00000000        0x0 c:/program files (x86)/mhv avr tools/bin/../lib/gcc/avr/4.7.2/avr4\libgcc.a(_exit.o)
 .text.libgcc.mul
                0x00000000        0x0 c:/program files (x86)/mhv avr tools/bin/../lib/gcc/avr/4.7.2/avr4\libgcc.a(_exit.o)
 .text.libgcc.div
                0x00000000        0x0 c:/program files (x86)/mhv avr tools/bin/../lib/gcc/avr/4.7.2/avr4\libgcc.a(_exit.o)
 .text.libgcc   0x00000000        0x0 c:/program files (x86)/mhv avr tools/bin/../lib/gcc/avr/4.7.2/avr4\libgcc.a(_exit.o)
 .text.libgcc.prologue
                0x00000000        0x0 c:/program files (x86)/mhv avr tools/bin/../lib/gcc/avr/4.7.2/avr4\libgcc.a(_exit.o)
 .text.libgcc.builtins
                0x00000000        0x0 c:/program files (x86)/mhv avr tools/bin/../lib/gcc/avr/4.7.2/avr4\libgcc.a(_exit.o)
 .text.libgcc.fmul
                0x00000000        0x0 c:/program files (x86)/mhv avr tools/bin/../lib/gcc/avr/4.7.2/avr4\libgcc.a(_exit.o)

Memory Configuration

Name             Origin             Length             Attributes
text             0x00000000         0x00002000         xr
data             0x00800060         0x0000ffa0         rw !x
eeprom           0x00810000         0x00010000         rw !x
fuse             0x00820000         0x00000400         rw !x
lock             0x00830000         0x00000400         rw !x
signature        0x00840000         0x00000400         rw !x
*default*        0x00000000         0xffffffff

Linker script and memory map

LOAD c:/program files (x86)/mhv avr tools/bin/../lib/gcc/avr/4.7.2/../../../../avr/lib/avr4/crtm8535.o
LOAD obj\Debug\main.o
LOAD c:/program files (x86)/mhv avr tools/bin/../lib/gcc/avr/4.7.2/avr4\libgcc.a
LOAD c:/program files (x86)/mhv avr tools/bin/../lib/gcc/avr/4.7.2/../../../../avr/lib/avr4\libm.a
START GROUP
LOAD c:/program files (x86)/mhv avr tools/bin/../lib/gcc/avr/4.7.2/avr4\libgcc.a
LOAD c:/program files (x86)/mhv avr tools/bin/../lib/gcc/avr/4.7.2/../../../../avr/lib/avr4\libm.a
LOAD c:/program files (x86)/mhv avr tools/bin/../lib/gcc/avr/4.7.2/../../../../avr/lib/avr4\libc.a
END GROUP

.hash
 *(.hash)

.dynsym
 *(.dynsym)

.dynstr
 *(.dynstr)

.gnu.version
 *(.gnu.version)

.gnu.version_d
 *(.gnu.version_d)

.gnu.version_r
 *(.gnu.version_r)

.rel.init
 *(.rel.init)

.rela.init
 *(.rela.init)

.rel.text
 *(.rel.text)
 *(.rel.text.*)
 *(.rel.gnu.linkonce.t*)

.rela.text
 *(.rela.text)
 *(.rela.text.*)
 *(.rela.gnu.linkonce.t*)

.rel.fini
 *(.rel.fini)

.rela.fini
 *(.rela.fini)

.rel.rodata
 *(.rel.rodata)
 *(.rel.rodata.*)
 *(.rel.gnu.linkonce.r*)

.rela.rodata
 *(.rela.rodata)
 *(.rela.rodata.*)
 *(.rela.gnu.linkonce.r*)

.rel.data
 *(.rel.data)
 *(.rel.data.*)
 *(.rel.gnu.linkonce.d*)

.rela.data
 *(.rela.data)
 *(.rela.data.*)
 *(.rela.gnu.linkonce.d*)

.rel.ctors
 *(.rel.ctors)

.rela.ctors
 *(.rela.ctors)

.rel.dtors
 *(.rel.dtors)

.rela.dtors
 *(.rela.dtors)

.rel.got
 *(.rel.got)

.rela.got
 *(.rela.got)

.rel.bss
 *(.rel.bss)

.rela.bss
 *(.rela.bss)

.rel.plt
 *(.rel.plt)

.rela.plt
 *(.rela.plt)

.text           0x00000000       0x5a
 *(.vectors)
 .vectors       0x00000000       0x2a c:/program files (x86)/mhv avr tools/bin/../lib/gcc/avr/4.7.2/../../../../avr/lib/avr4/crtm8535.o
                0x00000000                __vector_default
                0x00000000                __vectors
 *(.vectors)
 *(.progmem.gcc*)
 *(.progmem*)
                0x0000002a                . = ALIGN (0x2)
                0x0000002a                __trampolines_start = .
 *(.trampolines)
 .trampolines   0x0000002a        0x0 linker stubs
 *(.trampolines*)
                0x0000002a                __trampolines_end = .
 *(.jumptables)
 *(.jumptables*)
 *(.lowtext)
 *(.lowtext*)
                0x0000002a                __ctors_start = .
 *(.ctors)
                0x0000002a                __ctors_end = .
                0x0000002a                __dtors_start = .
 *(.dtors)
                0x0000002a                __dtors_end = .
 SORT(*)(.ctors)
 SORT(*)(.dtors)
 *(.init0)
 .init0         0x0000002a        0x0 c:/program files (x86)/mhv avr tools/bin/../lib/gcc/avr/4.7.2/../../../../avr/lib/avr4/crtm8535.o
                0x0000002a                __init
 *(.init0)
 *(.init1)
 *(.init1)
 *(.init2)
 .init2         0x0000002a        0xc c:/program files (x86)/mhv avr tools/bin/../lib/gcc/avr/4.7.2/../../../../avr/lib/avr4/crtm8535.o
 *(.init2)
 *(.init3)
 *(.init3)
 *(.init4)
 *(.init4)
 *(.init5)
 *(.init5)
 *(.init6)
 *(.init6)
 *(.init7)
 *(.init7)
 *(.init8)
 *(.init8)
 *(.init9)
 .init9         0x00000036        0x4 c:/program files (x86)/mhv avr tools/bin/../lib/gcc/avr/4.7.2/../../../../avr/lib/avr4/crtm8535.o
 *(.init9)
 *(.text)
 .text          0x0000003a        0x2 c:/program files (x86)/mhv avr tools/bin/../lib/gcc/avr/4.7.2/../../../../avr/lib/avr4/crtm8535.o
                0x0000003a                __vector_1
                0x0000003a                __vector_12
                0x0000003a                __bad_interrupt
                0x0000003a                __vector_6
                0x0000003a                __vector_3
                0x0000003a                __vector_11
                0x0000003a                __vector_13
                0x0000003a                __vector_17
                0x0000003a                __vector_19
                0x0000003a                __vector_7
                0x0000003a                __vector_5
                0x0000003a                __vector_4
                0x0000003a                __vector_9
                0x0000003a                __vector_2
                0x0000003a                __vector_15
                0x0000003a                __vector_8
                0x0000003a                __vector_14
                0x0000003a                __vector_10
                0x0000003a                __vector_16
                0x0000003a                __vector_18
                0x0000003a                __vector_20
                0x0000003c                . = ALIGN (0x2)
 *(.text.*)
 .text.startup  0x0000003c       0x1a obj\Debug\main.o
                0x0000003c                main
                0x00000056                . = ALIGN (0x2)
 *(.fini9)
 .fini9         0x00000056        0x0 c:/program files (x86)/mhv avr tools/bin/../lib/gcc/avr/4.7.2/avr4\libgcc.a(_exit.o)
                0x00000056                _exit
                0x00000056                exit
 *(.fini9)
 *(.fini8)
 *(.fini8)
 *(.fini7)
 *(.fini7)
 *(.fini6)
 *(.fini6)
 *(.fini5)
 *(.fini5)
 *(.fini4)
 *(.fini4)
 *(.fini3)
 *(.fini3)
 *(.fini2)
 *(.fini2)
 *(.fini1)
 *(.fini1)
 *(.fini0)
 .fini0         0x00000056        0x4 c:/program files (x86)/mhv avr tools/bin/../lib/gcc/avr/4.7.2/avr4\libgcc.a(_exit.o)
 *(.fini0)
                0x0000005a                _etext = .

.data           0x00800060        0x0 load address 0x0000005a
                0x00800060                PROVIDE (__data_start, .)
 *(.data)
 .data          0x00800060        0x0 c:/program files (x86)/mhv avr tools/bin/../lib/gcc/avr/4.7.2/../../../../avr/lib/avr4/crtm8535.o
 .data          0x00800060        0x0 obj\Debug\main.o
 .data          0x00800060        0x0 c:/program files (x86)/mhv avr tools/bin/../lib/gcc/avr/4.7.2/avr4\libgcc.a(_exit.o)
 *(.data*)
 *(.rodata)
 *(.rodata*)
 *(.gnu.linkonce.d*)
                0x00800060                . = ALIGN (0x2)
                0x00800060                _edata = .
                0x00800060                PROVIDE (__data_end, .)

.bss            0x00800060        0x0
                0x00800060                PROVIDE (__bss_start, .)
 *(.bss)
 *(.bss*)
 *(COMMON)
                0x00800060                PROVIDE (__bss_end, .)
                0x0000005a                __data_load_start = LOADADDR (.data)
                0x0000005a                __data_load_end = (__data_load_start + SIZEOF (.data))

.noinit         0x00800060        0x0
                0x00800060                PROVIDE (__noinit_start, .)
 *(.noinit*)
                0x00800060                PROVIDE (__noinit_end, .)
                0x00800060                _end = .
                0x00800060                PROVIDE (__heap_start, .)

.eeprom         0x00810000        0x0
 *(.eeprom*)
                0x00810000                __eeprom_end = .

.fuse
 *(.fuse)
 *(.lfuse)
 *(.hfuse)
 *(.efuse)

.lock
 *(.lock*)

.signature
 *(.signature*)

.stab
 *(.stab)

.stabstr
 *(.stabstr)

.stab.excl
 *(.stab.excl)

.stab.exclstr
 *(.stab.exclstr)

.stab.index
 *(.stab.index)

.stab.indexstr
 *(.stab.indexstr)

.comment        0x00000000       0x11
 *(.comment)
 .comment       0x00000000       0x11 obj\Debug\main.o
                                 0x12 (size before relaxing)

.debug
 *(.debug)

.line
 *(.line)

.debug_srcinfo
 *(.debug_srcinfo)

.debug_sfnames
 *(.debug_sfnames)

.debug_aranges  0x00000000       0x20
 *(.debug_aranges)
 .debug_aranges
                0x00000000       0x20 obj\Debug\main.o

.debug_pubnames
 *(.debug_pubnames)

.debug_info     0x00000000       0xdb
 *(.debug_info)
 .debug_info    0x00000000       0xdb obj\Debug\main.o
 *(.gnu.linkonce.wi.*)

.debug_abbrev   0x00000000       0xad
 *(.debug_abbrev)
 .debug_abbrev  0x00000000       0xad obj\Debug\main.o

.debug_line     0x00000000       0xa7
 *(.debug_line)
 .debug_line    0x00000000       0xa7 obj\Debug\main.o

.debug_frame    0x00000000       0x24
 *(.debug_frame)
 .debug_frame   0x00000000       0x24 obj\Debug\main.o

.debug_str      0x00000000       0x81
 *(.debug_str)
 .debug_str     0x00000000       0x81 obj\Debug\main.o
                                 0xb5 (size before relaxing)

.debug_loc      0x00000000       0x1f
 *(.debug_loc)
 .debug_loc     0x00000000       0x1f obj\Debug\main.o

.debug_macinfo
 *(.debug_macinfo)

.debug_pubtypes
 *(.debug_pubtypes)

.debug_ranges   0x00000000       0x10
 *(.debug_ranges)
 .debug_ranges  0x00000000       0x10 obj\Debug\main.o

.debug_macro
 *(.debug_macro)
OUTPUT(bin\Debug\GPIO.elf elf32-avr)
LOAD linker stubs

Cross Reference Table

Symbol                                            File
__bad_interrupt                                   c:/program files (x86)/mhv avr tools/bin/../lib/gcc/avr/4.7.2/../../../../avr/lib/avr4/crtm8535.o
__heap_end                                        c:/program files (x86)/mhv avr tools/bin/../lib/gcc/avr/4.7.2/../../../../avr/lib/avr4/crtm8535.o
__init                                            c:/program files (x86)/mhv avr tools/bin/../lib/gcc/avr/4.7.2/../../../../avr/lib/avr4/crtm8535.o
__stack                                           c:/program files (x86)/mhv avr tools/bin/../lib/gcc/avr/4.7.2/../../../../avr/lib/avr4/crtm8535.o
__vector_1                                        c:/program files (x86)/mhv avr tools/bin/../lib/gcc/avr/4.7.2/../../../../avr/lib/avr4/crtm8535.o
__vector_10                                       c:/program files (x86)/mhv avr tools/bin/../lib/gcc/avr/4.7.2/../../../../avr/lib/avr4/crtm8535.o
__vector_11                                       c:/program files (x86)/mhv avr tools/bin/../lib/gcc/avr/4.7.2/../../../../avr/lib/avr4/crtm8535.o
__vector_12                                       c:/program files (x86)/mhv avr tools/bin/../lib/gcc/avr/4.7.2/../../../../avr/lib/avr4/crtm8535.o
__vector_13                                       c:/program files (x86)/mhv avr tools/bin/../lib/gcc/avr/4.7.2/../../../../avr/lib/avr4/crtm8535.o
__vector_14                                       c:/program files (x86)/mhv avr tools/bin/../lib/gcc/avr/4.7.2/../../../../avr/lib/avr4/crtm8535.o
__vector_15                                       c:/program files (x86)/mhv avr tools/bin/../lib/gcc/avr/4.7.2/../../../../avr/lib/avr4/crtm8535.o
__vector_16                                       c:/program files (x86)/mhv avr tools/bin/../lib/gcc/avr/4.7.2/../../../../avr/lib/avr4/crtm8535.o
__vector_17                                       c:/program files (x86)/mhv avr tools/bin/../lib/gcc/avr/4.7.2/../../../../avr/lib/avr4/crtm8535.o
__vector_18                                       c:/program files (x86)/mhv avr tools/bin/../lib/gcc/avr/4.7.2/../../../../avr/lib/avr4/crtm8535.o
__vector_19                                       c:/program files (x86)/mhv avr tools/bin/../lib/gcc/avr/4.7.2/../../../../avr/lib/avr4/crtm8535.o
__vector_2                                        c:/program files (x86)/mhv avr tools/bin/../lib/gcc/avr/4.7.2/../../../../avr/lib/avr4/crtm8535.o
__vector_20                                       c:/program files (x86)/mhv avr tools/bin/../lib/gcc/avr/4.7.2/../../../../avr/lib/avr4/crtm8535.o
__vector_3                                        c:/program files (x86)/mhv avr tools/bin/../lib/gcc/avr/4.7.2/../../../../avr/lib/avr4/crtm8535.o
__vector_4                                        c:/program files (x86)/mhv avr tools/bin/../lib/gcc/avr/4.7.2/../../../../avr/lib/avr4/crtm8535.o
__vector_5                                        c:/program files (x86)/mhv avr tools/bin/../lib/gcc/avr/4.7.2/../../../../avr/lib/avr4/crtm8535.o
__vector_6                                        c:/program files (x86)/mhv avr tools/bin/../lib/gcc/avr/4.7.2/../../../../avr/lib/avr4/crtm8535.o
__vector_7                                        c:/program files (x86)/mhv avr tools/bin/../lib/gcc/avr/4.7.2/../../../../avr/lib/avr4/crtm8535.o
__vector_8                                        c:/program files (x86)/mhv avr tools/bin/../lib/gcc/avr/4.7.2/../../../../avr/lib/avr4/crtm8535.o
__vector_9                                        c:/program files (x86)/mhv avr tools/bin/../lib/gcc/avr/4.7.2/../../../../avr/lib/avr4/crtm8535.o
__vector_default                                  c:/program files (x86)/mhv avr tools/bin/../lib/gcc/avr/4.7.2/../../../../avr/lib/avr4/crtm8535.o
__vectors                                         c:/program files (x86)/mhv avr tools/bin/../lib/gcc/avr/4.7.2/../../../../avr/lib/avr4/crtm8535.o
_exit                                             c:/program files (x86)/mhv avr tools/bin/../lib/gcc/avr/4.7.2/avr4\libgcc.a(_exit.o)
delay_ms                                          obj\Debug\main.o
exit                                              c:/program files (x86)/mhv avr tools/bin/../lib/gcc/avr/4.7.2/avr4\libgcc.a(_exit.o)
                                                  c:/program files (x86)/mhv avr tools/bin/../lib/gcc/avr/4.7.2/../../../../avr/lib/avr4/crtm8535.o
main                                              obj\Debug\main.o
                                                  c:/program files (x86)/mhv avr tools/bin/../lib/gcc/avr/4.7.2/../../../../avr/lib/avr4/crtm8535.o
